   Compiling ratatosk-engine v0.1.0 (/home/ochi/Documents/Project/Ratatosk/crates/ratatosk-engine)
   Compiling ratatosk-persist v0.1.0 (/home/ochi/Documents/Project/Ratatosk/crates/ratatosk-persist)
   Compiling ratatosk-server v0.1.0 (/home/ochi/Documents/Project/Ratatosk/crates/ratatosk-server)
    Finished `bench` profile [optimized] target(s) in 26.08s
     Running benches/pipeline.rs (target/release/deps/pipeline-38ec57b04c826300)
Gnuplot not found, using plotters backend
Benchmarking pipeline_set_parse_execute_encode/1
Benchmarking pipeline_set_parse_execute_encode/1: Warming up for 3.0000 s
Benchmarking pipeline_set_parse_execute_encode/1: Collecting 20 samples in estimated 5.0001 s (2.8M iterations)
Benchmarking pipeline_set_parse_execute_encode/1: Analyzing
pipeline_set_parse_execute_encode/1
                        time:   [823.10 ns 835.20 ns 845.49 ns]
                        thrpt:  [1.1827 Melem/s 1.1973 Melem/s 1.2149 Melem/s]
                 change:
                        time:   [-3.3316% +2.4376% +8.6508%] (p = 0.43 > 0.05)
                        thrpt:  [-7.9620% -2.3796% +3.4464%]
                        No change in performance detected.
Found 4 outliers among 20 measurements (20.00%)
  2 (10.00%) low severe
  2 (10.00%) low mild
Benchmarking pipeline_set_parse_execute_encode/32
Benchmarking pipeline_set_parse_execute_encode/32: Warming up for 3.0000 s
Benchmarking pipeline_set_parse_execute_encode/32: Collecting 20 samples in estimated 5.0002 s (279k iterations)
Benchmarking pipeline_set_parse_execute_encode/32: Analyzing
pipeline_set_parse_execute_encode/32
                        time:   [16.293 µs 16.433 µs 16.575 µs]
                        thrpt:  [1.9307 Melem/s 1.9473 Melem/s 1.9640 Melem/s]
                 change:
                        time:   [-7.9828% -4.5622% -1.6458%] (p = 0.01 < 0.05)
                        thrpt:  [+1.6734% +4.7803% +8.6754%]
                        Performance has improved.
Benchmarking pipeline_set_parse_execute_encode/256
Benchmarking pipeline_set_parse_execute_encode/256: Warming up for 3.0000 s
Benchmarking pipeline_set_parse_execute_encode/256: Collecting 20 samples in estimated 5.0117 s (37k iterations)
Benchmarking pipeline_set_parse_execute_encode/256: Analyzing
pipeline_set_parse_execute_encode/256
                        time:   [133.70 µs 134.32 µs 134.96 µs]
                        thrpt:  [1.8968 Melem/s 1.9058 Melem/s 1.9148 Melem/s]
                 change:
                        time:   [-6.0663% -4.2142% -2.4642%] (p = 0.00 < 0.05)
                        thrpt:  [+2.5265% +4.3996% +6.4580%]
                        Performance has improved.
Benchmarking pipeline_set_parse_execute_encode/1024
Benchmarking pipeline_set_parse_execute_encode/1024: Warming up for 3.0000 s
Benchmarking pipeline_set_parse_execute_encode/1024: Collecting 20 samples in estimated 5.0440 s (9030 iterations)
Benchmarking pipeline_set_parse_execute_encode/1024: Analyzing
pipeline_set_parse_execute_encode/1024
                        time:   [548.54 µs 551.01 µs 553.78 µs]
                        thrpt:  [1.8491 Melem/s 1.8584 Melem/s 1.8668 Melem/s]
                 change:
                        time:   [-1.8253% -0.7224% +0.3783%] (p = 0.22 > 0.05)
                        thrpt:  [-0.3769% +0.7277% +1.8592%]
                        No change in performance detected.
Found 3 outliers among 20 measurements (15.00%)
  1 (5.00%) low mild
  2 (10.00%) high mild

Benchmarking pipeline_ping_parse_execute_encode/1
Benchmarking pipeline_ping_parse_execute_encode/1: Warming up for 3.0000 s
Benchmarking pipeline_ping_parse_execute_encode/1: Collecting 20 samples in estimated 5.0003 s (3.1M iterations)
Benchmarking pipeline_ping_parse_execute_encode/1: Analyzing
pipeline_ping_parse_execute_encode/1
                        time:   [591.98 ns 601.44 ns 608.40 ns]
                        thrpt:  [1.6437 Melem/s 1.6627 Melem/s 1.6892 Melem/s]
                 change:
                        time:   [-7.1836% -0.3137% +7.2316%] (p = 0.93 > 0.05)
                        thrpt:  [-6.7439% +0.3147% +7.7396%]
                        No change in performance detected.
Found 2 outliers among 20 measurements (10.00%)
  2 (10.00%) low mild
Benchmarking pipeline_ping_parse_execute_encode/32
Benchmarking pipeline_ping_parse_execute_encode/32: Warming up for 3.0000 s
Benchmarking pipeline_ping_parse_execute_encode/32: Collecting 20 samples in estimated 5.0019 s (434k iterations)
Benchmarking pipeline_ping_parse_execute_encode/32: Analyzing
pipeline_ping_parse_execute_encode/32
                        time:   [9.9146 µs 10.008 µs 10.106 µs]
                        thrpt:  [3.1663 Melem/s 3.1975 Melem/s 3.2276 Melem/s]
                 change:
                        time:   [+2.3018% +3.4600% +4.5496%] (p = 0.00 < 0.05)
                        thrpt:  [-4.3516% -3.3443% -2.2501%]
                        Performance has regressed.
Found 1 outliers among 20 measurements (5.00%)
  1 (5.00%) high mild
Benchmarking pipeline_ping_parse_execute_encode/256
Benchmarking pipeline_ping_parse_execute_encode/256: Warming up for 3.0000 s
Benchmarking pipeline_ping_parse_execute_encode/256: Collecting 20 samples in estimated 5.0074 s (58k iterations)
Benchmarking pipeline_ping_parse_execute_encode/256: Analyzing
pipeline_ping_parse_execute_encode/256
                        time:   [83.645 µs 84.258 µs 84.960 µs]
                        thrpt:  [3.0132 Melem/s 3.0383 Melem/s 3.0605 Melem/s]
                 change:
                        time:   [+1.1527% +1.9612% +2.7220%] (p = 0.00 < 0.05)
                        thrpt:  [-2.6499% -1.9235% -1.1396%]
                        Performance has regressed.
Found 1 outliers among 20 measurements (5.00%)
  1 (5.00%) high severe
Benchmarking pipeline_ping_parse_execute_encode/1024
Benchmarking pipeline_ping_parse_execute_encode/1024: Warming up for 3.0000 s
Benchmarking pipeline_ping_parse_execute_encode/1024: Collecting 20 samples in estimated 5.0357 s (14k iterations)
Benchmarking pipeline_ping_parse_execute_encode/1024: Analyzing
pipeline_ping_parse_execute_encode/1024
                        time:   [349.32 µs 351.93 µs 354.57 µs]
                        thrpt:  [2.8880 Melem/s 2.9096 Melem/s 2.9314 Melem/s]
                 change:
                        time:   [+0.4380% +1.6561% +2.8704%] (p = 0.01 < 0.05)
                        thrpt:  [-2.7903% -1.6291% -0.4361%]
                        Change within noise threshold.

Benchmarking pipeline_set_parse_only/1
Benchmarking pipeline_set_parse_only/1: Warming up for 3.0000 s
Benchmarking pipeline_set_parse_only/1: Collecting 20 samples in estimated 5.0000 s (32M iterations)
Benchmarking pipeline_set_parse_only/1: Analyzing
pipeline_set_parse_only/1
                        time:   [137.59 ns 137.89 ns 138.26 ns]
                        thrpt:  [7.2328 Melem/s 7.2523 Melem/s 7.2680 Melem/s]
                 change:
                        time:   [-0.9316% +0.6591% +2.1146%] (p = 0.42 > 0.05)
                        thrpt:  [-2.0708% -0.6548% +0.9404%]
                        No change in performance detected.
Benchmarking pipeline_set_parse_only/32
Benchmarking pipeline_set_parse_only/32: Warming up for 3.0000 s
Benchmarking pipeline_set_parse_only/32: Collecting 20 samples in estimated 5.0006 s (1.3M iterations)
Benchmarking pipeline_set_parse_only/32: Analyzing
pipeline_set_parse_only/32
                        time:   [3.9244 µs 3.9485 µs 3.9705 µs]
                        thrpt:  [8.0593 Melem/s 8.1044 Melem/s 8.1542 Melem/s]
                 change:
                        time:   [+3.4398% +5.1185% +6.4783%] (p = 0.00 < 0.05)
                        thrpt:  [-6.0841% -4.8693% -3.3254%]
                        Performance has regressed.
Found 1 outliers among 20 measurements (5.00%)
  1 (5.00%) high severe
Benchmarking pipeline_set_parse_only/256
Benchmarking pipeline_set_parse_only/256: Warming up for 3.0000 s
Benchmarking pipeline_set_parse_only/256: Collecting 20 samples in estimated 5.0047 s (159k iterations)
Benchmarking pipeline_set_parse_only/256: Analyzing
pipeline_set_parse_only/256
                        time:   [31.276 µs 31.500 µs 31.687 µs]
                        thrpt:  [8.0790 Melem/s 8.1271 Melem/s 8.1853 Melem/s]
                 change:
                        time:   [+4.4189% +5.9004% +7.2339%] (p = 0.00 < 0.05)
                        thrpt:  [-6.7459% -5.5716% -4.2319%]
                        Performance has regressed.
Found 2 outliers among 20 measurements (10.00%)
  2 (10.00%) low mild
Benchmarking pipeline_set_parse_only/1024
Benchmarking pipeline_set_parse_only/1024: Warming up for 3.0000 s
Benchmarking pipeline_set_parse_only/1024: Collecting 20 samples in estimated 5.0061 s (39k iterations)
Benchmarking pipeline_set_parse_only/1024: Analyzing
pipeline_set_parse_only/1024
                        time:   [125.01 µs 125.64 µs 126.23 µs]
                        thrpt:  [8.1121 Melem/s 8.1501 Melem/s 8.1915 Melem/s]
                 change:
                        time:   [+5.4017% +6.9780% +8.3165%] (p = 0.00 < 0.05)
                        thrpt:  [-7.6780% -6.5229% -5.1249%]
                        Performance has regressed.
Found 3 outliers among 20 measurements (15.00%)
  1 (5.00%) low mild
  1 (5.00%) high mild
  1 (5.00%) high severe

Benchmarking pipeline_ping_parse_only/1
Benchmarking pipeline_ping_parse_only/1: Warming up for 3.0000 s
Benchmarking pipeline_ping_parse_only/1: Collecting 20 samples in estimated 5.0000 s (49M iterations)
Benchmarking pipeline_ping_parse_only/1: Analyzing
pipeline_ping_parse_only/1
                        time:   [87.477 ns 87.671 ns 87.874 ns]
                        thrpt:  [11.380 Melem/s 11.406 Melem/s 11.432 Melem/s]
                 change:
                        time:   [-2.1395% -0.3644% +1.4032%] (p = 0.70 > 0.05)
                        thrpt:  [-1.3838% +0.3657% +2.1862%]
                        No change in performance detected.
Benchmarking pipeline_ping_parse_only/32
Benchmarking pipeline_ping_parse_only/32: Warming up for 3.0000 s
Benchmarking pipeline_ping_parse_only/32: Collecting 20 samples in estimated 5.0000 s (2.3M iterations)
Benchmarking pipeline_ping_parse_only/32: Analyzing
pipeline_ping_parse_only/32
                        time:   [2.1037 µs 2.1209 µs 2.1369 µs]
                        thrpt:  [14.975 Melem/s 15.088 Melem/s 15.211 Melem/s]
                 change:
                        time:   [+1.1628% +3.1968% +5.0507%] (p = 0.00 < 0.05)
                        thrpt:  [-4.8079% -3.0978% -1.1494%]
                        Performance has regressed.
Benchmarking pipeline_ping_parse_only/256
Benchmarking pipeline_ping_parse_only/256: Warming up for 3.0000 s
Benchmarking pipeline_ping_parse_only/256: Collecting 20 samples in estimated 5.0006 s (297k iterations)
Benchmarking pipeline_ping_parse_only/256: Analyzing
pipeline_ping_parse_only/256
                        time:   [16.622 µs 16.688 µs 16.740 µs]
                        thrpt:  [15.292 Melem/s 15.340 Melem/s 15.401 Melem/s]
                 change:
                        time:   [+2.9911% +4.6019% +5.8809%] (p = 0.00 < 0.05)
                        thrpt:  [-5.5542% -4.3994% -2.9042%]
                        Performance has regressed.
Found 2 outliers among 20 measurements (10.00%)
  1 (5.00%) low severe
  1 (5.00%) low mild
Benchmarking pipeline_ping_parse_only/1024
Benchmarking pipeline_ping_parse_only/1024: Warming up for 3.0000 s
Benchmarking pipeline_ping_parse_only/1024: Collecting 20 samples in estimated 5.0108 s (75k iterations)
Benchmarking pipeline_ping_parse_only/1024: Analyzing
pipeline_ping_parse_only/1024
                        time:   [65.457 µs 65.906 µs 66.297 µs]
                        thrpt:  [15.446 Melem/s 15.537 Melem/s 15.644 Melem/s]
                 change:
                        time:   [+3.2905% +4.7495% +6.0663%] (p = 0.00 < 0.05)
                        thrpt:  [-5.7194% -4.5342% -3.1857%]
                        Performance has regressed.
Found 3 outliers among 20 measurements (15.00%)
  2 (10.00%) low mild
  1 (5.00%) high mild

Benchmarking pipeline_set_execute_only/1
Benchmarking pipeline_set_execute_only/1: Warming up for 3.0000 s
Benchmarking pipeline_set_execute_only/1: Collecting 20 samples in estimated 5.0001 s (2.7M iterations)
Benchmarking pipeline_set_execute_only/1: Analyzing
pipeline_set_execute_only/1
                        time:   [797.55 ns 818.82 ns 832.00 ns]
                        thrpt:  [1.2019 Melem/s 1.2213 Melem/s 1.2538 Melem/s]
                 change:
                        time:   [-6.6705% +1.6404% +11.101%] (p = 0.72 > 0.05)
                        thrpt:  [-9.9918% -1.6140% +7.1473%]
                        No change in performance detected.
Benchmarking pipeline_set_execute_only/32
Benchmarking pipeline_set_execute_only/32: Warming up for 3.0000 s
Benchmarking pipeline_set_execute_only/32: Collecting 20 samples in estimated 5.0026 s (289k iterations)
Benchmarking pipeline_set_execute_only/32: Analyzing
pipeline_set_execute_only/32
                        time:   [13.710 µs 13.893 µs 14.050 µs]
                        thrpt:  [2.2776 Melem/s 2.3033 Melem/s 2.3341 Melem/s]
                 change:
                        time:   [-1.7754% -0.0746% +1.7009%] (p = 0.94 > 0.05)
                        thrpt:  [-1.6725% +0.0746% +1.8075%]
                        No change in performance detected.
Benchmarking pipeline_set_execute_only/256
Benchmarking pipeline_set_execute_only/256: Warming up for 3.0000 s
Benchmarking pipeline_set_execute_only/256: Collecting 20 samples in estimated 5.0073 s (37k iterations)
Benchmarking pipeline_set_execute_only/256: Analyzing
pipeline_set_execute_only/256
                        time:   [116.59 µs 117.25 µs 117.71 µs]
                        thrpt:  [2.1749 Melem/s 2.1834 Melem/s 2.1957 Melem/s]
                 change:
                        time:   [-1.8568% +0.2411% +1.8718%] (p = 0.83 > 0.05)
                        thrpt:  [-1.8374% -0.2405% +1.8919%]
                        No change in performance detected.
Found 5 outliers among 20 measurements (25.00%)
  3 (15.00%) low mild
  1 (5.00%) high mild
  1 (5.00%) high severe
Benchmarking pipeline_set_execute_only/1024
Benchmarking pipeline_set_execute_only/1024: Warming up for 3.0000 s
Benchmarking pipeline_set_execute_only/1024: Collecting 20 samples in estimated 5.0149 s (9240 iterations)
Benchmarking pipeline_set_execute_only/1024: Analyzing
pipeline_set_execute_only/1024
                        time:   [477.23 µs 479.08 µs 481.05 µs]
                        thrpt:  [2.1287 Melem/s 2.1374 Melem/s 2.1457 Melem/s]
                 change:
                        time:   [-4.0106% -1.6874% +0.3896%] (p = 0.16 > 0.05)
                        thrpt:  [-0.3881% +1.7164% +4.1782%]
                        No change in performance detected.
Found 3 outliers among 20 measurements (15.00%)
  1 (5.00%) low mild
  2 (10.00%) high mild

Benchmarking pipeline_ping_execute_only/1
Benchmarking pipeline_ping_execute_only/1: Warming up for 3.0000 s
Benchmarking pipeline_ping_execute_only/1: Collecting 20 samples in estimated 5.0004 s (2.9M iterations)
Benchmarking pipeline_ping_execute_only/1: Analyzing
pipeline_ping_execute_only/1
                        time:   [685.91 ns 704.65 ns 715.40 ns]
                        thrpt:  [1.3978 Melem/s 1.4191 Melem/s 1.4579 Melem/s]
                 change:
                        time:   [-13.135% -2.9868% +7.9830%] (p = 0.60 > 0.05)
                        thrpt:  [-7.3929% +3.0788% +15.121%]
                        No change in performance detected.
Benchmarking pipeline_ping_execute_only/32
Benchmarking pipeline_ping_execute_only/32: Warming up for 3.0000 s
Benchmarking pipeline_ping_execute_only/32: Collecting 20 samples in estimated 5.0019 s (437k iterations)
Benchmarking pipeline_ping_execute_only/32: Analyzing
pipeline_ping_execute_only/32
                        time:   [8.8928 µs 9.0016 µs 9.0765 µs]
                        thrpt:  [3.5256 Melem/s 3.5549 Melem/s 3.5984 Melem/s]
                 change:
                        time:   [-3.4722% -1.3653% +0.5496%] (p = 0.21 > 0.05)
                        thrpt:  [-0.5466% +1.3842% +3.5970%]
                        No change in performance detected.
Benchmarking pipeline_ping_execute_only/256
Benchmarking pipeline_ping_execute_only/256: Warming up for 3.0000 s
Benchmarking pipeline_ping_execute_only/256: Collecting 20 samples in estimated 5.0105 s (59k iterations)
Benchmarking pipeline_ping_execute_only/256: Analyzing
pipeline_ping_execute_only/256
                        time:   [75.047 µs 75.320 µs 75.610 µs]
                        thrpt:  [3.3858 Melem/s 3.3988 Melem/s 3.4112 Melem/s]
                 change:
                        time:   [-1.9238% -1.3365% -0.7822%] (p = 0.00 < 0.05)
                        thrpt:  [+0.7884% +1.3546% +1.9616%]
                        Change within noise threshold.
Found 1 outliers among 20 measurements (5.00%)
  1 (5.00%) low mild
Benchmarking pipeline_ping_execute_only/1024
Benchmarking pipeline_ping_execute_only/1024: Warming up for 3.0000 s
Benchmarking pipeline_ping_execute_only/1024: Collecting 20 samples in estimated 5.0399 s (14k iterations)
Benchmarking pipeline_ping_execute_only/1024: Analyzing
pipeline_ping_execute_only/1024
                        time:   [313.59 µs 315.05 µs 317.08 µs]
                        thrpt:  [3.2295 Melem/s 3.2503 Melem/s 3.2655 Melem/s]
                 change:
                        time:   [-2.9289% -2.0661% -1.3110%] (p = 0.00 < 0.05)
                        thrpt:  [+1.3284% +2.1096% +3.0173%]
                        Performance has improved.
Found 2 outliers among 20 measurements (10.00%)
  1 (5.00%) high mild
  1 (5.00%) high severe

Benchmarking pipeline_set_encode_only/1
Benchmarking pipeline_set_encode_only/1: Warming up for 3.0000 s
Benchmarking pipeline_set_encode_only/1: Collecting 20 samples in estimated 5.0000 s (788M iterations)
Benchmarking pipeline_set_encode_only/1: Analyzing
pipeline_set_encode_only/1
                        time:   [6.3746 ns 6.4534 ns 6.5306 ns]
                        thrpt:  [153.12 Melem/s 154.96 Melem/s 156.87 Melem/s]
                 change:
                        time:   [+4.3637% +5.4554% +6.4571%] (p = 0.00 < 0.05)
                        thrpt:  [-6.0654% -5.1732% -4.1812%]
                        Performance has regressed.
Found 5 outliers among 20 measurements (25.00%)
  4 (20.00%) low severe
  1 (5.00%) high severe
Benchmarking pipeline_set_encode_only/32
Benchmarking pipeline_set_encode_only/32: Warming up for 3.0000 s
Benchmarking pipeline_set_encode_only/32: Collecting 20 samples in estimated 5.0000 s (51M iterations)
Benchmarking pipeline_set_encode_only/32: Analyzing
pipeline_set_encode_only/32
                        time:   [96.682 ns 98.535 ns 100.46 ns]
                        thrpt:  [318.55 Melem/s 324.76 Melem/s 330.98 Melem/s]
                 change:
                        time:   [+2.9127% +4.0353% +5.2466%] (p = 0.00 < 0.05)
                        thrpt:  [-4.9850% -3.8788% -2.8302%]
                        Performance has regressed.
Found 1 outliers among 20 measurements (5.00%)
  1 (5.00%) high mild
Benchmarking pipeline_set_encode_only/256
Benchmarking pipeline_set_encode_only/256: Warming up for 3.0000 s
Benchmarking pipeline_set_encode_only/256: Collecting 20 samples in estimated 5.0001 s (7.2M iterations)
Benchmarking pipeline_set_encode_only/256: Analyzing
pipeline_set_encode_only/256
                        time:   [689.63 ns 695.57 ns 703.19 ns]
                        thrpt:  [364.06 Melem/s 368.04 Melem/s 371.21 Melem/s]
                 change:
                        time:   [+2.5974% +3.6011% +4.6146%] (p = 0.00 < 0.05)
                        thrpt:  [-4.4110% -3.4759% -2.5316%]
                        Performance has regressed.
Benchmarking pipeline_set_encode_only/1024
Benchmarking pipeline_set_encode_only/1024: Warming up for 3.0000 s
Benchmarking pipeline_set_encode_only/1024: Collecting 20 samples in estimated 5.0002 s (1.8M iterations)
Benchmarking pipeline_set_encode_only/1024: Analyzing
pipeline_set_encode_only/1024
                        time:   [2.6603 µs 2.6866 µs 2.7178 µs]
                        thrpt:  [376.78 Melem/s 381.15 Melem/s 384.92 Melem/s]
                 change:
                        time:   [+1.8803% +3.1601% +4.4905%] (p = 0.00 < 0.05)
                        thrpt:  [-4.2975% -3.0633% -1.8456%]
                        Performance has regressed.

Benchmarking pipeline_ping_encode_only/1
Benchmarking pipeline_ping_encode_only/1: Warming up for 3.0000 s
Benchmarking pipeline_ping_encode_only/1: Collecting 20 samples in estimated 5.0000 s (780M iterations)
Benchmarking pipeline_ping_encode_only/1: Analyzing
pipeline_ping_encode_only/1
                        time:   [6.3140 ns 6.3719 ns 6.4358 ns]
                        thrpt:  [155.38 Melem/s 156.94 Melem/s 158.38 Melem/s]
                 change:
                        time:   [+2.9560% +4.0642% +5.0625%] (p = 0.00 < 0.05)
                        thrpt:  [-4.8186% -3.9054% -2.8711%]
                        Performance has regressed.
Benchmarking pipeline_ping_encode_only/32
Benchmarking pipeline_ping_encode_only/32: Warming up for 3.0000 s
Benchmarking pipeline_ping_encode_only/32: Collecting 20 samples in estimated 5.0000 s (51M iterations)
Benchmarking pipeline_ping_encode_only/32: Analyzing
pipeline_ping_encode_only/32
                        time:   [95.769 ns 96.860 ns 97.670 ns]
                        thrpt:  [327.63 Melem/s 330.37 Melem/s 334.14 Melem/s]
                 change:
                        time:   [+2.9538% +4.0190% +4.9677%] (p = 0.00 < 0.05)
                        thrpt:  [-4.7326% -3.8637% -2.8691%]
                        Performance has regressed.
Benchmarking pipeline_ping_encode_only/256
Benchmarking pipeline_ping_encode_only/256: Warming up for 3.0000 s
Benchmarking pipeline_ping_encode_only/256: Collecting 20 samples in estimated 5.0001 s (7.1M iterations)
Benchmarking pipeline_ping_encode_only/256: Analyzing
pipeline_ping_encode_only/256
                        time:   [689.48 ns 694.51 ns 698.69 ns]
                        thrpt:  [366.40 Melem/s 368.61 Melem/s 371.29 Melem/s]
                 change:
                        time:   [+2.3527% +3.3506% +4.3097%] (p = 0.00 < 0.05)
                        thrpt:  [-4.1317% -3.2420% -2.2986%]
                        Performance has regressed.
Benchmarking pipeline_ping_encode_only/1024
Benchmarking pipeline_ping_encode_only/1024: Warming up for 3.0000 s
Benchmarking pipeline_ping_encode_only/1024: Collecting 20 samples in estimated 5.0002 s (1.9M iterations)
Benchmarking pipeline_ping_encode_only/1024: Analyzing
pipeline_ping_encode_only/1024
                        time:   [2.6572 µs 2.6826 µs 2.7102 µs]
                        thrpt:  [377.83 Melem/s 381.73 Melem/s 385.36 Melem/s]
                 change:
                        time:   [+0.4964% +1.9154% +3.4830%] (p = 0.02 < 0.05)
                        thrpt:  [-3.3658% -1.8794% -0.4940%]
                        Change within noise threshold.

