pipeline_set_parse_execute_encode/1
                        time:   [650.03 ns 670.65 ns 681.31 ns]
                        thrpt:  [1.4678 Melem/s 1.4911 Melem/s 1.5384 Melem/s]
                 change:
                        time:   [-12.634% -6.1788% +1.1404%] (p = 0.11 > 0.05)
                        thrpt:  [-1.1275% +6.5857% +14.461%]
                        No change in performance detected.
pipeline_set_parse_execute_encode/32
                        time:   [11.077 µs 11.150 µs 11.214 µs]
                        thrpt:  [2.8537 Melem/s 2.8699 Melem/s 2.8889 Melem/s]
                 change:
                        time:   [-4.3092% -3.0475% -1.7100%] (p = 0.00 < 0.05)
                        thrpt:  [+1.7398% +3.1433% +4.5032%]
                        Performance has improved.
Found 1 outliers among 20 measurements (5.00%)
  1 (5.00%) high mild
pipeline_set_parse_execute_encode/256
                        time:   [86.026 µs 86.950 µs 87.879 µs]
                        thrpt:  [2.9131 Melem/s 2.9442 Melem/s 2.9759 Melem/s]
                 change:
                        time:   [-5.5781% -4.4312% -3.3533%] (p = 0.00 < 0.05)
                        thrpt:  [+3.4696% +4.6367% +5.9077%]
                        Performance has improved.
Found 4 outliers among 20 measurements (20.00%)
  1 (5.00%) low mild
  3 (15.00%) high severe
pipeline_set_parse_execute_encode/1024
                        time:   [341.15 µs 343.06 µs 345.50 µs]
                        thrpt:  [2.9638 Melem/s 2.9849 Melem/s 3.0016 Melem/s]
                 change:
                        time:   [-4.1446% -3.3384% -2.5718%] (p = 0.00 < 0.05)
                        thrpt:  [+2.6397% +3.4537% +4.3238%]
                        Performance has improved.
Found 2 outliers among 20 measurements (10.00%)
  2 (10.00%) high mild

pipeline_ping_parse_execute_encode/1
                        time:   [589.54 ns 611.11 ns 623.99 ns]
                        thrpt:  [1.6026 Melem/s 1.6364 Melem/s 1.6963 Melem/s]
                 change:
                        time:   [-17.103% -4.9141% +10.316%] (p = 0.49 > 0.05)
                        thrpt:  [-9.3514% +5.1680% +20.632%]
                        No change in performance detected.
pipeline_ping_parse_execute_encode/32
                        time:   [5.0462 µs 5.1306 µs 5.2147 µs]
                        thrpt:  [6.1365 Melem/s 6.2371 Melem/s 6.3415 Melem/s]
                 change:
                        time:   [-3.2765% -1.2242% +0.9194%] (p = 0.29 > 0.05)
                        thrpt:  [-0.9110% +1.2394% +3.3875%]
                        No change in performance detected.
pipeline_ping_parse_execute_encode/256
                        time:   [37.344 µs 37.537 µs 37.710 µs]
                        thrpt:  [6.7886 Melem/s 6.8199 Melem/s 6.8552 Melem/s]
                 change:
                        time:   [-3.1218% -2.2994% -1.4804%] (p = 0.00 < 0.05)
                        thrpt:  [+1.5027% +2.3535% +3.2224%]
                        Performance has improved.
pipeline_ping_parse_execute_encode/1024
                        time:   [147.96 µs 148.79 µs 149.90 µs]
                        thrpt:  [6.8313 Melem/s 6.8821 Melem/s 6.9209 Melem/s]
                 change:
                        time:   [-3.6610% -2.0388% -0.3822%] (p = 0.03 < 0.05)
                        thrpt:  [+0.3837% +2.0812% +3.8001%]
                        Change within noise threshold.
Found 1 outliers among 20 measurements (5.00%)
  1 (5.00%) high severe

pipeline_set_parse_only/1
                        time:   [137.30 ns 138.41 ns 139.42 ns]
                        thrpt:  [7.1726 Melem/s 7.2251 Melem/s 7.2832 Melem/s]
                 change:
                        time:   [-3.6299% -2.8070% -1.9538%] (p = 0.00 < 0.05)
                        thrpt:  [+1.9928% +2.8880% +3.7666%]
                        Performance has improved.
Found 2 outliers among 20 measurements (10.00%)
  2 (10.00%) high mild
pipeline_set_parse_only/32
                        time:   [3.9765 µs 3.9908 µs 4.0091 µs]
                        thrpt:  [7.9818 Melem/s 8.0183 Melem/s 8.0473 Melem/s]
                 change:
                        time:   [-0.1606% +1.1315% +2.3514%] (p = 0.09 > 0.05)
                        thrpt:  [-2.2974% -1.1189% +0.1608%]
                        No change in performance detected.
Found 2 outliers among 20 measurements (10.00%)
  2 (10.00%) high mild
pipeline_set_parse_only/256
                        time:   [31.727 µs 31.948 µs 32.217 µs]
                        thrpt:  [7.9461 Melem/s 8.0129 Melem/s 8.0688 Melem/s]
                 change:
                        time:   [+3.3675% +4.2007% +5.0249%] (p = 0.00 < 0.05)
                        thrpt:  [-4.7845% -4.0313% -3.2578%]
                        Performance has regressed.
Found 2 outliers among 20 measurements (10.00%)
  2 (10.00%) high mild
pipeline_set_parse_only/1024
                        time:   [127.13 µs 128.22 µs 129.56 µs]
                        thrpt:  [7.9038 Melem/s 7.9864 Melem/s 8.0545 Melem/s]
                 change:
                        time:   [+2.8943% +3.7134% +4.5677%] (p = 0.00 < 0.05)
                        thrpt:  [-4.3681% -3.5804% -2.8129%]
                        Performance has regressed.
Found 1 outliers among 20 measurements (5.00%)
  1 (5.00%) high mild

pipeline_ping_parse_only/1
                        time:   [87.635 ns 88.084 ns 88.668 ns]
                        thrpt:  [11.278 Melem/s 11.353 Melem/s 11.411 Melem/s]
                 change:
                        time:   [-3.2881% -2.3957% -1.3924%] (p = 0.00 < 0.05)
                        thrpt:  [+1.4121% +2.4545% +3.3999%]
                        Performance has improved.
pipeline_ping_parse_only/32
                        time:   [2.1669 µs 2.1790 µs 2.1973 µs]
                        thrpt:  [14.563 Melem/s 14.686 Melem/s 14.768 Melem/s]
                 change:
                        time:   [+5.6986% +6.6784% +7.6418%] (p = 0.00 < 0.05)
                        thrpt:  [-7.0993% -6.2603% -5.3913%]
                        Performance has regressed.
Found 2 outliers among 20 measurements (10.00%)
  1 (5.00%) high mild
  1 (5.00%) high severe
pipeline_ping_parse_only/256
                        time:   [16.867 µs 16.939 µs 17.025 µs]
                        thrpt:  [15.036 Melem/s 15.113 Melem/s 15.178 Melem/s]
                 change:
                        time:   [+3.7376% +4.5029% +5.3360%] (p = 0.00 < 0.05)
                        thrpt:  [-5.0657% -4.3089% -3.6029%]
                        Performance has regressed.
Found 1 outliers among 20 measurements (5.00%)
  1 (5.00%) high severe
pipeline_ping_parse_only/1024
                        time:   [69.119 µs 69.341 µs 69.632 µs]
                        thrpt:  [14.706 Melem/s 14.768 Melem/s 14.815 Melem/s]
                 change:
                        time:   [+6.7976% +7.8314% +8.7744%] (p = 0.00 < 0.05)
                        thrpt:  [-8.0666% -7.2626% -6.3649%]
                        Performance has regressed.

pipeline_set_execute_only/1
                        time:   [739.52 ns 761.69 ns 775.30 ns]
                        thrpt:  [1.2898 Melem/s 1.3129 Melem/s 1.3522 Melem/s]
                 change:
                        time:   [-7.2677% +6.2647% +22.160%] (p = 0.40 > 0.05)
                        thrpt:  [-18.140% -5.8953% +7.8373%]
                        No change in performance detected.
pipeline_set_execute_only/32
                        time:   [8.6764 µs 8.8634 µs 8.9875 µs]
                        thrpt:  [3.5605 Melem/s 3.6104 Melem/s 3.6882 Melem/s]
                 change:
                        time:   [-1.9601% +0.1304% +2.4055%] (p = 0.91 > 0.05)
                        thrpt:  [-2.3490% -0.1302% +1.9993%]
                        No change in performance detected.
pipeline_set_execute_only/256
                        time:   [65.208 µs 65.915 µs 66.607 µs]
                        thrpt:  [3.8434 Melem/s 3.8838 Melem/s 3.9259 Melem/s]
                 change:
                        time:   [-2.2565% -1.3754% -0.3380%] (p = 0.01 < 0.05)
                        thrpt:  [+0.3392% +1.3946% +2.3086%]
                        Change within noise threshold.
Found 2 outliers among 20 measurements (10.00%)
  2 (10.00%) high mild
pipeline_set_execute_only/1024
                        time:   [259.95 µs 262.00 µs 264.21 µs]
                        thrpt:  [3.8757 Melem/s 3.9084 Melem/s 3.9392 Melem/s]
                 change:
                        time:   [-2.1323% -1.0538% +0.0866%] (p = 0.08 > 0.05)
                        thrpt:  [-0.0865% +1.0651% +2.1787%]
                        No change in performance detected.

pipeline_ping_execute_only/1
                        time:   [562.04 ns 580.76 ns 591.29 ns]
                        thrpt:  [1.6912 Melem/s 1.7219 Melem/s 1.7792 Melem/s]
                 change:
                        time:   [-13.458% -0.0948% +14.731%] (p = 0.99 > 0.05)
                        thrpt:  [-12.839% +0.0949% +15.551%]
                        No change in performance detected.
pipeline_ping_execute_only/32
                        time:   [4.1949 µs 4.2946 µs 4.3760 µs]
                        thrpt:  [7.3126 Melem/s 7.4512 Melem/s 7.6283 Melem/s]
                 change:
                        time:   [-0.4530% +2.9689% +6.3561%] (p = 0.11 > 0.05)
                        thrpt:  [-5.9762% -2.8833% +0.4551%]
                        No change in performance detected.
pipeline_ping_execute_only/256
                        time:   [29.611 µs 29.981 µs 30.407 µs]
                        thrpt:  [8.4190 Melem/s 8.5387 Melem/s 8.6456 Melem/s]
                 change:
                        time:   [-1.5519% -0.3032% +1.0523%] (p = 0.64 > 0.05)
                        thrpt:  [-1.0414% +0.3041% +1.5764%]
                        No change in performance detected.
Found 1 outliers among 20 measurements (5.00%)
  1 (5.00%) high mild
pipeline_ping_execute_only/1024
                        time:   [116.52 µs 117.61 µs 118.91 µs]
                        thrpt:  [8.6117 Melem/s 8.7071 Melem/s 8.7879 Melem/s]
                 change:
                        time:   [-1.5566% -0.1910% +1.1212%] (p = 0.79 > 0.05)
                        thrpt:  [-1.1088% +0.1914% +1.5813%]
                        No change in performance detected.

pipeline_set_encode_only/1
                        time:   [6.2472 ns 6.3066 ns 6.3656 ns]
                        thrpt:  [157.09 Melem/s 158.56 Melem/s 160.07 Melem/s]
                 change:
                        time:   [-7.5831% -4.0885% -1.3061%] (p = 0.01 < 0.05)
                        thrpt:  [+1.3234% +4.2627% +8.2053%]
                        Performance has improved.
Found 1 outliers among 20 measurements (5.00%)
  1 (5.00%) high mild
pipeline_set_encode_only/32
                        time:   [96.187 ns 97.097 ns 97.994 ns]
                        thrpt:  [326.55 Melem/s 329.57 Melem/s 332.69 Melem/s]
                 change:
                        time:   [-1.4805% -0.1881% +1.1528%] (p = 0.78 > 0.05)
                        thrpt:  [-1.1396% +0.1885% +1.5027%]
                        No change in performance detected.
pipeline_set_encode_only/256
                        time:   [677.73 ns 682.39 ns 687.42 ns]
                        thrpt:  [372.40 Melem/s 375.15 Melem/s 377.73 Melem/s]
                 change:
                        time:   [-0.1666% +0.7327% +1.7006%] (p = 0.15 > 0.05)
                        thrpt:  [-1.6722% -0.7274% +0.1669%]
                        No change in performance detected.
Found 1 outliers among 20 measurements (5.00%)
  1 (5.00%) high mild
pipeline_set_encode_only/1024
                        time:   [2.6305 µs 2.6427 µs 2.6522 µs]
                        thrpt:  [386.09 Melem/s 387.48 Melem/s 389.28 Melem/s]
                 change:
                        time:   [-1.2011% -0.2181% +0.6743%] (p = 0.67 > 0.05)
                        thrpt:  [-0.6698% +0.2186% +1.2157%]
                        No change in performance detected.

pipeline_ping_encode_only/1
                        time:   [6.1740 ns 6.1955 ns 6.2153 ns]
                        thrpt:  [160.89 Melem/s 161.41 Melem/s 161.97 Melem/s]
                 change:
                        time:   [-1.6299% -1.1335% -0.5427%] (p = 0.00 < 0.05)
                        thrpt:  [+0.5457% +1.1464% +1.6569%]
                        Change within noise threshold.
Found 2 outliers among 20 measurements (10.00%)
  2 (10.00%) high mild
pipeline_ping_encode_only/32
                        time:   [94.363 ns 95.127 ns 95.912 ns]
                        thrpt:  [333.64 Melem/s 336.39 Melem/s 339.12 Melem/s]
                 change:
                        time:   [-3.2886% -2.3538% -1.4475%] (p = 0.00 < 0.05)
                        thrpt:  [+1.4687% +2.4105% +3.4004%]
                        Performance has improved.
Found 1 outliers among 20 measurements (5.00%)
  1 (5.00%) high mild
pipeline_ping_encode_only/256
                        time:   [677.03 ns 681.36 ns 685.06 ns]
                        thrpt:  [373.69 Melem/s 375.72 Melem/s 378.12 Melem/s]
                 change:
                        time:   [-2.6620% -1.9054% -1.1892%] (p = 0.00 < 0.05)
                        thrpt:  [+1.2036% +1.9424% +2.7348%]
                        Performance has improved.
pipeline_ping_encode_only/1024
                        time:   [2.6026 µs 2.6152 µs 2.6261 µs]
                        thrpt:  [389.93 Melem/s 391.55 Melem/s 393.45 Melem/s]
                 change:
                        time:   [-4.4424% -3.4269% -2.4903%] (p = 0.00 < 0.05)
                        thrpt:  [+2.5539% +3.5485% +4.6489%]
                        Performance has improved.

