pipeline_set_parse_execute_encode/1
                        time:   [664.62 ns 679.99 ns 689.72 ns]
                        thrpt:  [1.4499 Melem/s 1.4706 Melem/s 1.5046 Melem/s]
                 change:
                        time:   [-0.5192% +8.0363% +18.172%] (p = 0.11 > 0.05)
                        thrpt:  [-15.377% -7.4385% +0.5219%]
                        No change in performance detected.
Found 1 outliers among 20 measurements (5.00%)
  1 (5.00%) high severe
pipeline_set_parse_execute_encode/32
                        time:   [11.167 µs 11.351 µs 11.496 µs]
                        thrpt:  [2.7835 Melem/s 2.8192 Melem/s 2.8656 Melem/s]
                 change:
                        time:   [-1.4045% -0.0116% +1.4028%] (p = 0.98 > 0.05)
                        thrpt:  [-1.3834% +0.0116% +1.4245%]
                        No change in performance detected.
pipeline_set_parse_execute_encode/256
                        time:   [86.671 µs 87.661 µs 88.647 µs]
                        thrpt:  [2.8879 Melem/s 2.9203 Melem/s 2.9537 Melem/s]
                 change:
                        time:   [-1.3776% +0.0027% +1.4724%] (p = 1.00 > 0.05)
                        thrpt:  [-1.4511% -0.0027% +1.3968%]
                        No change in performance detected.
Found 1 outliers among 20 measurements (5.00%)
  1 (5.00%) high mild
pipeline_set_parse_execute_encode/1024
                        time:   [338.70 µs 342.40 µs 346.29 µs]
                        thrpt:  [2.9571 Melem/s 2.9906 Melem/s 3.0233 Melem/s]
                 change:
                        time:   [-1.4662% -0.1942% +1.1003%] (p = 0.78 > 0.05)
                        thrpt:  [-1.0884% +0.1946% +1.4880%]
                        No change in performance detected.
Found 2 outliers among 20 measurements (10.00%)
  2 (10.00%) high mild

pipeline_ping_parse_execute_encode/1
                        time:   [519.18 ns 532.50 ns 544.12 ns]
                        thrpt:  [1.8378 Melem/s 1.8779 Melem/s 1.9261 Melem/s]
                 change:
                        time:   [-15.516% -4.3013% +9.6776%] (p = 0.52 > 0.05)
                        thrpt:  [-8.8237% +4.4947% +18.365%]
                        No change in performance detected.
Found 4 outliers among 20 measurements (20.00%)
  3 (15.00%) low mild
  1 (5.00%) high mild
pipeline_ping_parse_execute_encode/32
                        time:   [4.2677 µs 4.3455 µs 4.3926 µs]
                        thrpt:  [7.2849 Melem/s 7.3639 Melem/s 7.4981 Melem/s]
                 change:
                        time:   [-19.835% -17.406% -15.190%] (p = 0.00 < 0.05)
                        thrpt:  [+17.911% +21.073% +24.743%]
                        Performance has improved.
pipeline_ping_parse_execute_encode/256
                        time:   [30.260 µs 30.422 µs 30.584 µs]
                        thrpt:  [8.3705 Melem/s 8.4150 Melem/s 8.4600 Melem/s]
                 change:
                        time:   [-19.244% -18.618% -18.005%] (p = 0.00 < 0.05)
                        thrpt:  [+21.958% +22.878% +23.829%]
                        Performance has improved.
Found 1 outliers among 20 measurements (5.00%)
  1 (5.00%) high mild
pipeline_ping_parse_execute_encode/1024
                        time:   [121.30 µs 121.88 µs 122.74 µs]
                        thrpt:  [8.3430 Melem/s 8.4014 Melem/s 8.4419 Melem/s]
                 change:
                        time:   [-20.233% -18.999% -17.921%] (p = 0.00 < 0.05)
                        thrpt:  [+21.833% +23.455% +25.364%]
                        Performance has improved.
Found 2 outliers among 20 measurements (10.00%)
  1 (5.00%) high mild
  1 (5.00%) high severe

