pipeline_set_parse_execute_encode/1
                        time:   [527.20 ns 534.51 ns 541.28 ns]
                        thrpt:  [1.8475 Melem/s 1.8709 Melem/s 1.8968 Melem/s]
                 change:
                        time:   [-22.527% -0.8665% +42.530%] (p = 0.64 > 0.05)
                        thrpt:  [-29.839% +0.8740% +29.078%]
                        No change in performance detected.
Found 14 outliers among 100 measurements (14.00%)
  7 (7.00%) high mild
  7 (7.00%) high severe
pipeline_set_parse_execute_encode/32
                        time:   [11.348 µs 11.409 µs 11.480 µs]
                        thrpt:  [2.7876 Melem/s 2.8048 Melem/s 2.8199 Melem/s]
                 change:
                        time:   [-1.6371% -1.0024% -0.3829%] (p = 0.00 < 0.05)
                        thrpt:  [+0.3843% +1.0125% +1.6644%]
                        Change within noise threshold.
Found 9 outliers among 100 measurements (9.00%)
  3 (3.00%) high mild
  6 (6.00%) high severe
pipeline_set_parse_execute_encode/256
                        time:   [87.949 µs 88.247 µs 88.576 µs]
                        thrpt:  [2.8902 Melem/s 2.9010 Melem/s 2.9108 Melem/s]
                 change:
                        time:   [+0.6937% +1.1917% +1.7484%] (p = 0.00 < 0.05)
                        thrpt:  [-1.7183% -1.1777% -0.6889%]
                        Change within noise threshold.
Found 3 outliers among 100 measurements (3.00%)
  2 (2.00%) high mild
  1 (1.00%) high severe
pipeline_set_parse_execute_encode/1024
                        time:   [351.24 µs 352.87 µs 354.73 µs]
                        thrpt:  [2.8867 Melem/s 2.9019 Melem/s 2.9154 Melem/s]
                 change:
                        time:   [+0.6185% +1.4312% +2.1671%] (p = 0.01 < 0.05)
                        thrpt:  [-2.1212% -1.4110% -0.6147%]
                        Change within noise threshold.
Found 7 outliers among 100 measurements (7.00%)
  5 (5.00%) high mild
  2 (2.00%) high severe

pipeline_ping_parse_execute_encode/1
                        time:   [328.59 ns 337.10 ns 344.93 ns]
                        thrpt:  [2.8992 Melem/s 2.9665 Melem/s 3.0433 Melem/s]
                 change:
                        time:   [-38.549% +8.2509% +95.464%] (p = 0.72 > 0.05)
                        thrpt:  [-48.840% -7.6220% +62.731%]
                        No change in performance detected.
Found 2 outliers among 100 measurements (2.00%)
  1 (1.00%) high mild
  1 (1.00%) high severe
pipeline_ping_parse_execute_encode/32
                        time:   [4.3564 µs 4.4013 µs 4.4393 µs]
                        thrpt:  [7.2084 Melem/s 7.2706 Melem/s 7.3455 Melem/s]
                 change:
                        time:   [+0.3735% +2.6615% +4.9693%] (p = 0.05 > 0.05)
                        thrpt:  [-4.7341% -2.5925% -0.3721%]
                        No change in performance detected.
pipeline_ping_parse_execute_encode/256
                        time:   [32.892 µs 33.235 µs 33.542 µs]
                        thrpt:  [7.6323 Melem/s 7.7028 Melem/s 7.7830 Melem/s]
                 change:
                        time:   [+6.5911% +7.6567% +8.7588%] (p = 0.00 < 0.05)
                        thrpt:  [-8.0534% -7.1122% -6.1835%]
                        Performance has regressed.
pipeline_ping_parse_execute_encode/1024
                        time:   [128.96 µs 129.77 µs 130.72 µs]
                        thrpt:  [7.8334 Melem/s 7.8907 Melem/s 7.9402 Melem/s]
                 change:
                        time:   [+6.1684% +6.9246% +7.6516%] (p = 0.00 < 0.05)
                        thrpt:  [-7.1078% -6.4762% -5.8100%]
                        Performance has regressed.
Found 9 outliers among 100 measurements (9.00%)
  4 (4.00%) high mild
  5 (5.00%) high severe

