# Ratatosk allocator A/B (20260216-004907)
# mode: default
pipeline_set_parse_execute_encode/1
                        time:   [798.72 ns 812.33 ns 824.77 ns]
                        thrpt:  [1.2125 Melem/s 1.2310 Melem/s 1.2520 Melem/s]
                 change:
                        time:   [+24.934% +30.957% +35.761%] (p = 0.00 < 0.05)
                        thrpt:  [-26.341% -23.639% -19.958%]
                        Performance has regressed.
Found 3 outliers among 20 measurements (15.00%)
  3 (15.00%) low mild
pipeline_set_parse_execute_encode/32
                        time:   [16.963 µs 17.513 µs 18.262 µs]
                        thrpt:  [1.7522 Melem/s 1.8273 Melem/s 1.8865 Melem/s]
                 change:
                        time:   [+5.0656% +8.3581% +12.253%] (p = 0.00 < 0.05)
                        thrpt:  [-10.916% -7.7134% -4.8213%]
                        Performance has regressed.
Found 1 outliers among 20 measurements (5.00%)
  1 (5.00%) high mild
pipeline_set_parse_execute_encode/256
                        time:   [137.05 µs 139.24 µs 141.87 µs]
                        thrpt:  [1.8045 Melem/s 1.8386 Melem/s 1.8680 Melem/s]
                 change:
                        time:   [+6.0277% +7.9260% +10.147%] (p = 0.00 < 0.05)
                        thrpt:  [-9.2121% -7.3439% -5.6850%]
                        Performance has regressed.
pipeline_set_parse_execute_encode/1024
                        time:   [553.77 µs 560.13 µs 565.83 µs]
                        thrpt:  [1.8097 Melem/s 1.8282 Melem/s 1.8491 Melem/s]
                 change:
                        time:   [+1.9130% +3.3942% +4.8817%] (p = 0.00 < 0.05)
                        thrpt:  [-4.6545% -3.2828% -1.8771%]
                        Performance has regressed.
Found 1 outliers among 20 measurements (5.00%)
  1 (5.00%) high mild

pipeline_ping_parse_execute_encode/1
                        time:   [597.86 ns 606.35 ns 613.74 ns]
                        thrpt:  [1.6294 Melem/s 1.6492 Melem/s 1.6726 Melem/s]
                 change:
                        time:   [+27.188% +34.637% +42.174%] (p = 0.00 < 0.05)
                        thrpt:  [-29.663% -25.726% -21.376%]
                        Performance has regressed.
pipeline_ping_parse_execute_encode/32
                        time:   [9.5820 µs 9.6449 µs 9.7141 µs]
                        thrpt:  [3.2942 Melem/s 3.3178 Melem/s 3.3396 Melem/s]
                 change:
                        time:   [+4.2730% +5.3054% +6.3888%] (p = 0.00 < 0.05)
                        thrpt:  [-6.0051% -5.0381% -4.0979%]
                        Performance has regressed.
Found 1 outliers among 20 measurements (5.00%)
  1 (5.00%) high mild
pipeline_ping_parse_execute_encode/256
                        time:   [81.516 µs 81.950 µs 82.432 µs]
                        thrpt:  [3.1056 Melem/s 3.1239 Melem/s 3.1405 Melem/s]
                 change:
                        time:   [+1.9092% +3.0850% +4.2977%] (p = 0.00 < 0.05)
                        thrpt:  [-4.1206% -2.9926% -1.8735%]
                        Performance has regressed.
Found 2 outliers among 20 measurements (10.00%)
  2 (10.00%) high mild
pipeline_ping_parse_execute_encode/1024
                        time:   [344.04 µs 348.38 µs 352.77 µs]
                        thrpt:  [2.9028 Melem/s 2.9394 Melem/s 2.9764 Melem/s]
                 change:
                        time:   [+3.7039% +4.8531% +6.0314%] (p = 0.00 < 0.05)
                        thrpt:  [-5.6883% -4.6285% -3.5716%]
                        Performance has regressed.

pipeline_set_parse_only/1
                        time:   [134.58 ns 136.00 ns 137.53 ns]
                        thrpt:  [7.2711 Melem/s 7.3531 Melem/s 7.4306 Melem/s]
pipeline_set_parse_only/32
                        time:   [3.7083 µs 3.7345 µs 3.7685 µs]
                        thrpt:  [8.4913 Melem/s 8.5688 Melem/s 8.6293 Melem/s]
Found 3 outliers among 20 measurements (15.00%)
  2 (10.00%) high mild
  1 (5.00%) high severe
pipeline_set_parse_only/256
                        time:   [29.371 µs 29.990 µs 30.618 µs]
                        thrpt:  [8.3610 Melem/s 8.5363 Melem/s 8.7160 Melem/s]
Found 3 outliers among 20 measurements (15.00%)
  3 (15.00%) high mild
pipeline_set_parse_only/1024
                        time:   [116.62 µs 117.71 µs 119.13 µs]
                        thrpt:  [8.5960 Melem/s 8.6993 Melem/s 8.7808 Melem/s]
Found 3 outliers among 20 measurements (15.00%)
  3 (15.00%) high severe

pipeline_ping_parse_only/1
                        time:   [85.447 ns 86.834 ns 88.418 ns]
                        thrpt:  [11.310 Melem/s 11.516 Melem/s 11.703 Melem/s]
pipeline_ping_parse_only/32
                        time:   [2.0042 µs 2.0194 µs 2.0396 µs]
                        thrpt:  [15.690 Melem/s 15.847 Melem/s 15.967 Melem/s]
Found 1 outliers among 20 measurements (5.00%)
  1 (5.00%) high mild
pipeline_ping_parse_only/256
                        time:   [15.704 µs 15.847 µs 15.975 µs]
                        thrpt:  [16.025 Melem/s 16.155 Melem/s 16.302 Melem/s]
Found 1 outliers among 20 measurements (5.00%)
  1 (5.00%) high severe
pipeline_ping_parse_only/1024
                        time:   [62.730 µs 63.693 µs 64.853 µs]
                        thrpt:  [15.790 Melem/s 16.077 Melem/s 16.324 Melem/s]

pipeline_set_execute_only/1
                        time:   [791.07 ns 808.49 ns 819.96 ns]
                        thrpt:  [1.2196 Melem/s 1.2369 Melem/s 1.2641 Melem/s]
pipeline_set_execute_only/32
                        time:   [13.788 µs 13.945 µs 14.060 µs]
                        thrpt:  [2.2760 Melem/s 2.2948 Melem/s 2.3209 Melem/s]
pipeline_set_execute_only/256
                        time:   [115.28 µs 116.32 µs 117.64 µs]
                        thrpt:  [2.1761 Melem/s 2.2008 Melem/s 2.2206 Melem/s]
Found 1 outliers among 20 measurements (5.00%)
  1 (5.00%) high severe
pipeline_set_execute_only/1024
                        time:   [478.43 µs 486.46 µs 496.68 µs]
                        thrpt:  [2.0617 Melem/s 2.1050 Melem/s 2.1404 Melem/s]
Found 2 outliers among 20 measurements (10.00%)
  1 (5.00%) high mild
  1 (5.00%) high severe

pipeline_ping_execute_only/1
                        time:   [700.89 ns 717.76 ns 729.74 ns]
                        thrpt:  [1.3703 Melem/s 1.3932 Melem/s 1.4268 Melem/s]
pipeline_ping_execute_only/32
                        time:   [8.9904 µs 9.1392 µs 9.2587 µs]
                        thrpt:  [3.4562 Melem/s 3.5014 Melem/s 3.5594 Melem/s]
pipeline_ping_execute_only/256
                        time:   [76.083 µs 76.811 µs 77.412 µs]
                        thrpt:  [3.3070 Melem/s 3.3328 Melem/s 3.3647 Melem/s]
pipeline_ping_execute_only/1024
                        time:   [318.89 µs 322.15 µs 325.88 µs]
                        thrpt:  [3.1422 Melem/s 3.1786 Melem/s 3.2111 Melem/s]
Found 3 outliers among 20 measurements (15.00%)
  2 (10.00%) high mild
  1 (5.00%) high severe

pipeline_set_encode_only/1
                        time:   [6.1649 ns 6.2182 ns 6.2532 ns]
                        thrpt:  [159.92 Melem/s 160.82 Melem/s 162.21 Melem/s]
pipeline_set_encode_only/32
                        time:   [94.647 ns 94.967 ns 95.300 ns]
                        thrpt:  [335.78 Melem/s 336.96 Melem/s 338.10 Melem/s]
pipeline_set_encode_only/256
                        time:   [669.76 ns 672.96 ns 676.68 ns]
                        thrpt:  [378.32 Melem/s 380.41 Melem/s 382.23 Melem/s]
Found 1 outliers among 20 measurements (5.00%)
  1 (5.00%) high severe
pipeline_set_encode_only/1024
                        time:   [2.5990 µs 2.6334 µs 2.6672 µs]
                        thrpt:  [383.93 Melem/s 388.85 Melem/s 394.00 Melem/s]
Found 1 outliers among 20 measurements (5.00%)
  1 (5.00%) high mild

pipeline_ping_encode_only/1
                        time:   [6.1279 ns 6.1640 ns 6.2073 ns]
                        thrpt:  [161.10 Melem/s 162.23 Melem/s 163.19 Melem/s]
Found 3 outliers among 20 measurements (15.00%)
  2 (10.00%) high mild
  1 (5.00%) high severe
pipeline_ping_encode_only/32
                        time:   [92.651 ns 93.316 ns 94.135 ns]
                        thrpt:  [339.94 Melem/s 342.92 Melem/s 345.38 Melem/s]
Found 2 outliers among 20 measurements (10.00%)
  2 (10.00%) high mild
pipeline_ping_encode_only/256
                        time:   [664.99 ns 670.99 ns 677.28 ns]
                        thrpt:  [377.98 Melem/s 381.52 Melem/s 384.97 Melem/s]
pipeline_ping_encode_only/1024
                        time:   [2.5855 µs 2.6106 µs 2.6416 µs]
                        thrpt:  [387.64 Melem/s 392.25 Melem/s 396.06 Melem/s]

