# Ratatosk baseline (20260208-151247)
# profile: default allocator
pipeline_set_parse_execute_encode/1
                        time:   [430.98 ns 445.97 ns 456.73 ns]
                        thrpt:  [2.1895 Melem/s 2.2423 Melem/s 2.3203 Melem/s]
                 change:
                        time:   [-11.436% -5.4671% +1.4004%] (p = 0.13 > 0.05)
                        thrpt:  [-1.3811% +5.7833% +12.912%]
                        No change in performance detected.
Found 1 outliers among 10 measurements (10.00%)
  1 (10.00%) high mild
pipeline_set_parse_execute_encode/32
                        time:   [12.852 µs 12.931 µs 12.998 µs]
                        thrpt:  [2.4619 Melem/s 2.4747 Melem/s 2.4900 Melem/s]
                 change:
                        time:   [-5.4004% -4.3391% -3.2839%] (p = 0.00 < 0.05)
                        thrpt:  [+3.3955% +4.5360% +5.7087%]
                        Performance has improved.
pipeline_set_parse_execute_encode/256
                        time:   [101.03 µs 101.59 µs 102.21 µs]
                        thrpt:  [2.5047 Melem/s 2.5201 Melem/s 2.5338 Melem/s]
                 change:
                        time:   [-42.173% -25.496% -6.4115%] (p = 0.04 < 0.05)
                        thrpt:  [+6.8508% +34.222% +72.931%]
                        Performance has improved.
pipeline_set_parse_execute_encode/1024
                        time:   [399.63 µs 400.99 µs 403.49 µs]
                        thrpt:  [2.5378 Melem/s 2.5537 Melem/s 2.5624 Melem/s]
                 change:
                        time:   [-25.037% -13.574% -5.3377%] (p = 0.04 < 0.05)
                        thrpt:  [+5.6387% +15.705% +33.399%]
                        Performance has improved.

pipeline_ping_parse_execute_encode/1
                        time:   [222.18 ns 397.88 ns 490.78 ns]
                        thrpt:  [2.0376 Melem/s 2.5133 Melem/s 4.5009 Melem/s]
                 change:
                        time:   [-46.446% -21.359% +13.384%] (p = 0.25 > 0.05)
                        thrpt:  [-11.804% +27.160% +86.726%]
                        No change in performance detected.
pipeline_ping_parse_execute_encode/32
                        time:   [3.8449 µs 3.8800 µs 3.9014 µs]
                        thrpt:  [8.2023 Melem/s 8.2474 Melem/s 8.3227 Melem/s]
                 change:
                        time:   [-60.037% -52.282% -38.674%] (p = 0.00 < 0.05)
                        thrpt:  [+63.063% +109.56% +150.23%]
                        Performance has improved.
pipeline_ping_parse_execute_encode/256
                        time:   [29.568 µs 29.663 µs 29.736 µs]
                        thrpt:  [8.6091 Melem/s 8.6303 Melem/s 8.6579 Melem/s]
                 change:
                        time:   [-40.919% -25.665% -8.8074%] (p = 0.02 < 0.05)
                        thrpt:  [+9.6580% +34.526% +69.259%]
                        Performance has improved.
pipeline_ping_parse_execute_encode/1024
                        time:   [116.37 µs 116.84 µs 117.71 µs]
                        thrpt:  [8.6990 Melem/s 8.7640 Melem/s 8.7993 Melem/s]
                 change:
                        time:   [-30.414% -17.591% -8.4429%] (p = 0.03 < 0.05)
                        thrpt:  [+9.2215% +21.346% +43.707%]
                        Performance has improved.

