# Ratatosk baseline (20260208-141140)
# profile: default allocator
pipeline_set_parse_execute_encode/1
                        time:   [1.1145 µs 1.1365 µs 1.1476 µs]
                        thrpt:  [871.35 Kelem/s 879.89 Kelem/s 897.23 Kelem/s]
                 change:
                        time:   [+2.4800% +6.1870% +9.5398%] (p = 0.00 < 0.05)
                        thrpt:  [-8.7090% -5.8265% -2.4200%]
                        Performance has regressed.
pipeline_set_parse_execute_encode/32
                        time:   [32.318 µs 33.929 µs 35.117 µs]
                        thrpt:  [911.24 Kelem/s 943.16 Kelem/s 990.17 Kelem/s]
                 change:
                        time:   [-1.3370% +3.1781% +8.9948%] (p = 0.25 > 0.05)
                        thrpt:  [-8.2525% -3.0802% +1.3551%]
                        No change in performance detected.
Found 1 outliers among 10 measurements (10.00%)
  1 (10.00%) low severe
pipeline_set_parse_execute_encode/256
                        time:   [276.21 µs 276.85 µs 277.58 µs]
                        thrpt:  [922.24 Kelem/s 924.69 Kelem/s 926.84 Kelem/s]
                 change:
                        time:   [-0.8576% -0.2246% +0.5358%] (p = 0.58 > 0.05)
                        thrpt:  [-0.5330% +0.2251% +0.8650%]
                        No change in performance detected.
Found 1 outliers among 10 measurements (10.00%)
  1 (10.00%) high mild
pipeline_set_parse_execute_encode/1024
                        time:   [1.0777 ms 1.0812 ms 1.0862 ms]
                        thrpt:  [942.69 Kelem/s 947.12 Kelem/s 950.17 Kelem/s]
                 change:
                        time:   [+2.0076% +2.7892% +3.7185%] (p = 0.00 < 0.05)
                        thrpt:  [-3.5852% -2.7135% -1.9681%]
                        Performance has regressed.

pipeline_ping_parse_execute_encode/1
                        time:   [547.82 ns 550.92 ns 553.34 ns]
                        thrpt:  [1.8072 Melem/s 1.8151 Melem/s 1.8254 Melem/s]
                 change:
                        time:   [-7.3948% +1.9638% +14.290%] (p = 0.77 > 0.05)
                        thrpt:  [-12.503% -1.9259% +7.9853%]
                        No change in performance detected.
Found 2 outliers among 10 measurements (20.00%)
  1 (10.00%) low mild
  1 (10.00%) high severe
pipeline_ping_parse_execute_encode/32
                        time:   [11.363 µs 11.431 µs 11.461 µs]
                        thrpt:  [2.7921 Melem/s 2.7993 Melem/s 2.8161 Melem/s]
                 change:
                        time:   [-0.5746% +0.1326% +0.7815%] (p = 0.73 > 0.05)
                        thrpt:  [-0.7755% -0.1324% +0.5779%]
                        No change in performance detected.
pipeline_ping_parse_execute_encode/256
                        time:   [87.871 µs 88.290 µs 88.554 µs]
                        thrpt:  [2.8909 Melem/s 2.8995 Melem/s 2.9134 Melem/s]
                 change:
                        time:   [-1.0830% -0.2913% +0.4663%] (p = 0.49 > 0.05)
                        thrpt:  [-0.4641% +0.2921% +1.0948%]
                        No change in performance detected.
pipeline_ping_parse_execute_encode/1024
                        time:   [353.63 µs 353.91 µs 354.23 µs]
                        thrpt:  [2.8908 Melem/s 2.8934 Melem/s 2.8957 Melem/s]
                 change:
                        time:   [+0.5117% +2.8355% +7.5755%] (p = 0.18 > 0.05)
                        thrpt:  [-7.0421% -2.7573% -0.5091%]
                        No change in performance detected.

