# Ratatosk baseline (20260208-142144)
# profile: mimalloc
pipeline_set_parse_execute_encode/1
                        time:   [1.1179 µs 1.1291 µs 1.1372 µs]
                        thrpt:  [879.33 Kelem/s 885.65 Kelem/s 894.51 Kelem/s]
                 change:
                        time:   [-1.6659% +0.7402% +3.1271%] (p = 0.57 > 0.05)
                        thrpt:  [-3.0323% -0.7348% +1.6941%]
                        No change in performance detected.
Found 1 outliers among 10 measurements (10.00%)
  1 (10.00%) low mild
pipeline_set_parse_execute_encode/32
                        time:   [30.423 µs 32.535 µs 33.412 µs]
                        thrpt:  [957.75 Kelem/s 983.55 Kelem/s 1.0518 Melem/s]
                 change:
                        time:   [-9.3606% -4.6055% -1.5763%] (p = 0.02 < 0.05)
                        thrpt:  [+1.6015% +4.8279% +10.327%]
                        Performance has improved.
Found 2 outliers among 10 measurements (20.00%)
  2 (20.00%) low severe
pipeline_set_parse_execute_encode/256
                        time:   [261.94 µs 262.32 µs 262.73 µs]
                        thrpt:  [974.38 Kelem/s 975.91 Kelem/s 977.33 Kelem/s]
                 change:
                        time:   [+0.9764% +1.3322% +1.6905%] (p = 0.00 < 0.05)
                        thrpt:  [-1.6624% -1.3147% -0.9669%]
                        Change within noise threshold.
pipeline_set_parse_execute_encode/1024
                        time:   [923.14 µs 985.90 µs 1.0283 ms]
                        thrpt:  [995.79 Kelem/s 1.0386 Melem/s 1.1093 Melem/s]
                 change:
                        time:   [-4.4420% -1.1529% +0.7287%] (p = 0.64 > 0.05)
                        thrpt:  [-0.7234% +1.1663% +4.6485%]
                        No change in performance detected.
Found 1 outliers among 10 measurements (10.00%)
  1 (10.00%) low severe

pipeline_ping_parse_execute_encode/1
                        time:   [480.31 ns 502.98 ns 513.77 ns]
                        thrpt:  [1.9464 Melem/s 1.9881 Melem/s 2.0820 Melem/s]
                 change:
                        time:   [-19.903% -6.8187% +9.2606%] (p = 0.46 > 0.05)
                        thrpt:  [-8.4757% +7.3176% +24.848%]
                        No change in performance detected.
Found 2 outliers among 10 measurements (20.00%)
  1 (10.00%) low severe
  1 (10.00%) high severe
pipeline_ping_parse_execute_encode/32
                        time:   [10.231 µs 10.325 µs 10.384 µs]
                        thrpt:  [3.0817 Melem/s 3.0992 Melem/s 3.1276 Melem/s]
                 change:
                        time:   [-1.1125% +3.1264% +11.162%] (p = 0.51 > 0.05)
                        thrpt:  [-10.041% -3.0316% +1.1250%]
                        No change in performance detected.
pipeline_ping_parse_execute_encode/256
                        time:   [77.745 µs 77.984 µs 78.268 µs]
                        thrpt:  [3.2708 Melem/s 3.2827 Melem/s 3.2928 Melem/s]
                 change:
                        time:   [-1.6745% -0.9375% -0.2791%] (p = 0.02 < 0.05)
                        thrpt:  [+0.2799% +0.9463% +1.7030%]
                        Change within noise threshold.
pipeline_ping_parse_execute_encode/1024
                        time:   [242.38 µs 287.78 µs 310.61 µs]
                        thrpt:  [3.2967 Melem/s 3.5583 Melem/s 4.2248 Melem/s]
                 change:
                        time:   [-18.633% -8.1069% -0.8799%] (p = 0.12 > 0.05)
                        thrpt:  [+0.8877% +8.8221% +22.900%]
                        No change in performance detected.
Found 2 outliers among 10 measurements (20.00%)
  2 (20.00%) low severe

