# Ratatosk baseline (20260208-144643)
# profile: default allocator
pipeline_set_parse_execute_encode/1
                        time:   [746.04 ns 790.91 ns 833.26 ns]
                        thrpt:  [1.2001 Melem/s 1.2644 Melem/s 1.3404 Melem/s]
                 change:
                        time:   [+80.647% +88.562% +97.930%] (p = 0.00 < 0.05)
                        thrpt:  [-49.477% -46.967% -44.643%]
                        Performance has regressed.
pipeline_set_parse_execute_encode/32
                        time:   [24.546 µs 29.899 µs 32.442 µs]
                        thrpt:  [986.37 Kelem/s 1.0703 Melem/s 1.3037 Melem/s]
                 change:
                        time:   [+76.450% +103.73% +128.92%] (p = 0.00 < 0.05)
                        thrpt:  [-56.316% -50.915% -43.327%]
                        Performance has regressed.
pipeline_set_parse_execute_encode/256
                        time:   [104.59 µs 105.20 µs 105.66 µs]
                        thrpt:  [2.4229 Melem/s 2.4334 Melem/s 2.4477 Melem/s]
                 change:
                        time:   [+5.8796% +6.6622% +7.4657%] (p = 0.00 < 0.05)
                        thrpt:  [-6.9470% -6.2461% -5.5531%]
                        Performance has regressed.
pipeline_set_parse_execute_encode/1024
                        time:   [409.81 µs 410.22 µs 411.21 µs]
                        thrpt:  [2.4902 Melem/s 2.4962 Melem/s 2.4987 Melem/s]
                 change:
                        time:   [+5.5194% +6.0355% +6.6216%] (p = 0.00 < 0.05)
                        thrpt:  [-6.2104% -5.6920% -5.2307%]
                        Performance has regressed.

pipeline_ping_parse_execute_encode/1
                        time:   [212.00 ns 217.27 ns 222.40 ns]
                        thrpt:  [4.4963 Melem/s 4.6027 Melem/s 4.7170 Melem/s]
                 change:
                        time:   [-0.8191% +6.9275% +18.537%] (p = 0.19 > 0.05)
                        thrpt:  [-15.638% -6.4786% +0.8259%]
                        No change in performance detected.
Found 1 outliers among 10 measurements (10.00%)
  1 (10.00%) high severe
pipeline_ping_parse_execute_encode/32
                        time:   [3.9473 µs 3.9862 µs 4.0086 µs]
                        thrpt:  [7.9829 Melem/s 8.0277 Melem/s 8.1068 Melem/s]
                 change:
                        time:   [+0.5123% +1.5132% +2.5850%] (p = 0.02 < 0.05)
                        thrpt:  [-2.5198% -1.4907% -0.5097%]
                        Change within noise threshold.
pipeline_ping_parse_execute_encode/256
                        time:   [30.236 µs 30.425 µs 30.711 µs]
                        thrpt:  [8.3357 Melem/s 8.4142 Melem/s 8.4668 Melem/s]
                 change:
                        time:   [+0.0617% +0.6878% +1.3288%] (p = 0.04 < 0.05)
                        thrpt:  [-1.3114% -0.6831% -0.0616%]
                        Change within noise threshold.
Found 1 outliers among 10 measurements (10.00%)
  1 (10.00%) high mild
pipeline_ping_parse_execute_encode/1024
                        time:   [121.29 µs 121.38 µs 121.48 µs]
                        thrpt:  [8.4297 Melem/s 8.4360 Melem/s 8.4426 Melem/s]
                 change:
                        time:   [-0.1221% +0.6075% +1.1206%] (p = 0.09 > 0.05)
                        thrpt:  [-1.1081% -0.6038% +0.1223%]
                        No change in performance detected.
Found 2 outliers among 10 measurements (20.00%)
  1 (10.00%) low mild
  1 (10.00%) high mild

