# Ratatosk baseline (20260208-141925)
# profile: default allocator
pipeline_set_parse_execute_encode/1
                        time:   [1.0087 µs 1.0268 µs 1.0452 µs]
                        thrpt:  [956.72 Kelem/s 973.89 Kelem/s 991.38 Kelem/s]
                 change:
                        time:   [-10.388% -7.5755% -4.4301%] (p = 0.00 < 0.05)
                        thrpt:  [+4.6354% +8.1965% +11.592%]
                        Performance has improved.
pipeline_set_parse_execute_encode/32
                        time:   [32.298 µs 32.877 µs 33.124 µs]
                        thrpt:  [966.05 Kelem/s 973.34 Kelem/s 990.78 Kelem/s]
                 change:
                        time:   [-7.7431% -6.0907% -4.8666%] (p = 0.00 < 0.05)
                        thrpt:  [+5.1156% +6.4857% +8.3930%]
                        Performance has improved.
Found 1 outliers among 10 measurements (10.00%)
  1 (10.00%) low severe
pipeline_set_parse_execute_encode/256
                        time:   [256.79 µs 259.10 µs 260.52 µs]
                        thrpt:  [982.65 Kelem/s 988.05 Kelem/s 996.93 Kelem/s]
                 change:
                        time:   [-5.6936% -4.6163% -3.6603%] (p = 0.00 < 0.05)
                        thrpt:  [+3.7994% +4.8397% +6.0374%]
                        Performance has improved.
Found 2 outliers among 10 measurements (20.00%)
  1 (10.00%) low severe
  1 (10.00%) high mild
pipeline_set_parse_execute_encode/1024
                        time:   [991.08 µs 1.0133 ms 1.0209 ms]
                        thrpt:  [1.0030 Melem/s 1.0106 Melem/s 1.0332 Melem/s]
                 change:
                        time:   [-7.9105% -4.4088% -1.2243%] (p = 0.01 < 0.05)
                        thrpt:  [+1.2394% +4.6121% +8.5900%]
                        Performance has improved.
Found 2 outliers among 10 measurements (20.00%)
  2 (20.00%) low severe

pipeline_ping_parse_execute_encode/1
                        time:   [416.20 ns 451.80 ns 476.66 ns]
                        thrpt:  [2.0979 Melem/s 2.2134 Melem/s 2.4027 Melem/s]
                 change:
                        time:   [-35.020% -24.529% -15.258%] (p = 0.00 < 0.05)
                        thrpt:  [+18.005% +32.501% +53.893%]
                        Performance has improved.
pipeline_ping_parse_execute_encode/32
                        time:   [9.9308 µs 9.9607 µs 9.9953 µs]
                        thrpt:  [3.2015 Melem/s 3.2126 Melem/s 3.2223 Melem/s]
                 change:
                        time:   [-12.312% -11.950% -11.532%] (p = 0.00 < 0.05)
                        thrpt:  [+13.035% +13.572% +14.041%]
                        Performance has improved.
Found 2 outliers among 10 measurements (20.00%)
  2 (20.00%) high mild
pipeline_ping_parse_execute_encode/256
                        time:   [67.503 µs 74.618 µs 78.584 µs]
                        thrpt:  [3.2577 Melem/s 3.4308 Melem/s 3.7924 Melem/s]
                 change:
                        time:   [-18.051% -13.836% -11.616%] (p = 0.00 < 0.05)
                        thrpt:  [+13.142% +16.057% +22.027%]
                        Performance has improved.
Found 1 outliers among 10 measurements (10.00%)
  1 (10.00%) low severe
pipeline_ping_parse_execute_encode/1024
                        time:   [238.20 µs 262.87 µs 309.79 µs]
                        thrpt:  [3.3054 Melem/s 3.8955 Melem/s 4.2989 Melem/s]
                 change:
                        time:   [-24.498% -17.895% -12.465%] (p = 0.00 < 0.05)
                        thrpt:  [+14.241% +21.795% +32.447%]
                        Performance has improved.
Found 2 outliers among 10 measurements (20.00%)
  2 (20.00%) low mild

