# Ratatosk baseline (20260208-142144)
# profile: default allocator
pipeline_set_parse_execute_encode/1
                        time:   [1.1082 µs 1.1293 µs 1.1392 µs]
                        thrpt:  [877.83 Kelem/s 885.52 Kelem/s 902.34 Kelem/s]
                 change:
                        time:   [+2.5979% +6.2116% +9.7606%] (p = 0.00 < 0.05)
                        thrpt:  [-8.8926% -5.8483% -2.5321%]
                        Performance has regressed.
pipeline_set_parse_execute_encode/32
                        time:   [33.719 µs 33.825 µs 33.950 µs]
                        thrpt:  [942.57 Kelem/s 946.04 Kelem/s 949.03 Kelem/s]
                 change:
                        time:   [+2.5778% +3.8100% +5.7143%] (p = 0.00 < 0.05)
                        thrpt:  [-5.4054% -3.6702% -2.5130%]
                        Performance has regressed.
pipeline_set_parse_execute_encode/256
                        time:   [257.50 µs 258.73 µs 259.75 µs]
                        thrpt:  [985.57 Kelem/s 989.43 Kelem/s 994.16 Kelem/s]
                 change:
                        time:   [-1.3077% -0.4052% +0.8290%] (p = 0.53 > 0.05)
                        thrpt:  [-0.8222% +0.4068% +1.3251%]
                        No change in performance detected.
Found 2 outliers among 10 measurements (20.00%)
  1 (10.00%) low mild
  1 (10.00%) high mild
pipeline_set_parse_execute_encode/1024
                        time:   [1.0169 ms 1.0185 ms 1.0224 ms]
                        thrpt:  [1.0015 Melem/s 1.0054 Melem/s 1.0070 Melem/s]
                 change:
                        time:   [+0.2869% +2.1495% +5.3928%] (p = 0.13 > 0.05)
                        thrpt:  [-5.1169% -2.1043% -0.2861%]
                        No change in performance detected.

pipeline_ping_parse_execute_encode/1
                        time:   [522.92 ns 524.69 ns 528.72 ns]
                        thrpt:  [1.8914 Melem/s 1.9059 Melem/s 1.9124 Melem/s]
                 change:
                        time:   [+12.615% +27.892% +49.819%] (p = 0.00 < 0.05)
                        thrpt:  [-33.253% -21.809% -11.202%]
                        Performance has regressed.
Found 1 outliers among 10 measurements (10.00%)
  1 (10.00%) high severe
pipeline_ping_parse_execute_encode/32
                        time:   [8.4570 µs 9.7238 µs 10.376 µs]
                        thrpt:  [3.0840 Melem/s 3.2909 Melem/s 3.7838 Melem/s]
                 change:
                        time:   [-7.7251% -0.3549% +3.7072%] (p = 0.92 > 0.05)
                        thrpt:  [-3.5747% +0.3561% +8.3719%]
                        No change in performance detected.
Found 1 outliers among 10 measurements (10.00%)
  1 (10.00%) low severe
pipeline_ping_parse_execute_encode/256
                        time:   [78.389 µs 78.794 µs 79.375 µs]
                        thrpt:  [3.2252 Melem/s 3.2490 Melem/s 3.2658 Melem/s]
                 change:
                        time:   [-0.1957% +2.6446% +8.1637%] (p = 0.33 > 0.05)
                        thrpt:  [-7.5476% -2.5765% +0.1961%]
                        No change in performance detected.
Found 1 outliers among 10 measurements (10.00%)
  1 (10.00%) high severe
pipeline_ping_parse_execute_encode/1024
                        time:   [313.39 µs 314.53 µs 316.02 µs]
                        thrpt:  [3.2403 Melem/s 3.2557 Melem/s 3.2675 Melem/s]
                 change:
                        time:   [+1.6374% +8.8560% +18.407%] (p = 0.02 < 0.05)
                        thrpt:  [-15.546% -8.1355% -1.6110%]
                        Performance has regressed.
Found 3 outliers among 10 measurements (30.00%)
  1 (10.00%) low mild
  2 (20.00%) high severe

