# encode benches after P3 hygiene fix (2026-09-08, Apple M5 Pro, release, sample-size 20)
# cargo bench -p ratatosk-server --bench pipeline -- --sample-size 20 encode
pipeline_set_parse_execute_encode/1 [454.09 ns 459.30
time: +1.6479% +3.7172%] (p
time: µs 8.4615 µs
pipeline_set_parse_execute_encode/256 [66.010 µs 66.294
time: +1.3078% +2.2281%] (p
time: µs 260.51 µs
pipeline_ping_parse_execute_encode/1 [307.32 ns 315.71
time: -1.3193% +1.5519%] (p
time: µs 3.0175 µs
pipeline_ping_parse_execute_encode/256 [22.043 µs 22.232
time: -11.317% -7.8070%] (p
time: µs 87.254 µs
pipeline_set_encode_only/1 [3.0815 ns 3.0977
time: -71.148% -70.654%] (p
time: ns 112.73 ns
pipeline_set_encode_only/256 [805.77 ns 821.18
time: +5.9074% +9.5133%] (p
time: µs 3.4936 µs
pipeline_ping_encode_only/1 [3.8393 ns 3.9371
time: -65.863% -64.931%] (p
time: ns 129.33 ns
pipeline_ping_encode_only/256 [961.81 ns 991.66
time: +4.9623% +8.6707%] (p
time: µs 3.9176 µs
encode_reply_into_prealloc/simple_ok [3.0946 ns 3.1187
encode_reply_into_prealloc/integer_1 [2.8059 ns 3.0095
encode_reply_into_prealloc/error_generic [2.9599 ns 3.0627
encode_reply_into_prealloc/bulk_64b [4.6579 ns 4.7203
encode_reply_into_prealloc/bulk_1kib [13.724 ns 13.781
