   Compiling unicode-ident v1.0.22
   Compiling libc v0.2.180
   Compiling zerocopy v0.8.39
   Compiling cfg-if v1.0.4
   Compiling serde_core v1.0.228
   Compiling serde v1.0.228
   Compiling once_cell v1.21.3
   Compiling itoa v1.0.17
   Compiling bytes v1.11.1
   Compiling smallvec v1.15.1
   Compiling pin-project-lite v0.2.16
   Compiling zmij v1.0.19
   Compiling equivalent v1.0.2
   Compiling scopeguard v1.2.0
   Compiling log v0.4.29
   Compiling futures-core v0.3.31
   Compiling subtle v2.6.1
   Compiling bitflags v2.10.0
   Compiling crossbeam-utils v0.8.21
   Compiling typenum v1.19.0
   Compiling hashbrown v0.16.1
   Compiling memchr v2.8.0
   Compiling ratatosk-engine v0.1.0 (/home/ochi/Documents/Project/Ratatosk/crates/ratatosk-engine)
   Compiling regex-syntax v0.8.9
   Compiling futures-sink v0.3.31
   Compiling utf8parse v0.2.2
   Compiling is_terminal_polyfill v1.70.2
   Compiling base64ct v1.8.3
   Compiling proc-macro2 v1.0.106
   Compiling lock_api v0.4.14
   Compiling anstyle-query v1.1.5
   Compiling fnv v1.0.7
   Compiling anstyle v1.0.13
   Compiling autocfg v1.5.0
   Compiling cpufeatures v0.2.17
   Compiling slab v0.4.12
   Compiling atomic-waker v1.1.2
   Compiling anstyle-parse v0.2.7
   Compiling colorchoice v1.0.4
   Compiling pin-utils v0.1.0
   Compiling try-lock v0.2.5
   Compiling futures-channel v0.3.31
   Compiling httparse v1.10.1
   Compiling httpdate v1.0.3
   Compiling either v1.15.0
   Compiling clap_lex v0.7.7
   Compiling foldhash v0.1.5
   Compiling strsim v0.11.1
   Compiling want v0.3.1
   Compiling raw-cpuid v11.6.0
   Compiling tracing-core v0.1.36
   Compiling linux-raw-sys v0.11.0
   Compiling futures-task v0.3.31
   Compiling rayon-core v1.13.0
   Compiling allocator-api2 v0.2.21
   Compiling anstream v0.6.21
   Compiling ratatosk-server v0.1.0 (/home/ochi/Documents/Project/Ratatosk/crates/ratatosk-server)
   Compiling futures-util v0.3.31
   Compiling crc-catalog v2.4.0
   Compiling plotters-backend v0.3.7
   Compiling tower-service v0.3.3
   Compiling winnow v0.7.14
   Compiling toml_write v0.1.2
   Compiling sketches-ddsketch v0.2.2
   Compiling ciborium-io v0.2.2
   Compiling lazy_static v1.5.0
   Compiling glob-match v0.2.1
   Compiling fastrand v2.3.0
   Compiling rustix v1.1.3
   Compiling sharded-slab v0.1.7
   Compiling regex-automata v0.4.14
   Compiling itertools v0.10.5
   Compiling clap_builder v4.5.57
   Compiling crossbeam-epoch v0.9.18
   Compiling quote v1.0.44
   Compiling num-traits v0.2.19
   Compiling crossbeam-channel v0.5.15
   Compiling plotters-svg v0.3.7
   Compiling hashbrown v0.15.5
   Compiling crc v3.4.0
   Compiling thread_local v1.1.9
   Compiling cast v0.3.0
   Compiling base64 v0.22.1
   Compiling syn v2.0.114
   Compiling http v1.4.0
   Compiling tracing-log v0.2.0
   Compiling indexmap v2.13.0
   Compiling generic-array v0.14.7
   Compiling same-file v1.0.6
   Compiling crossbeam-deque v0.8.6
   Compiling nu-ansi-term v0.50.3
   Compiling ipnet v2.11.0
   Compiling walkdir v2.5.0
   Compiling anyhow v1.0.101
   Compiling anes v0.1.6
   Compiling oorandom v11.1.5
   Compiling parking_lot_core v0.9.12
   Compiling getrandom v0.2.17
   Compiling errno v0.3.14
   Compiling socket2 v0.6.2
   Compiling mio v1.1.1
   Compiling parking_lot v0.12.5
   Compiling rand_core v0.6.4
   Compiling signal-hook-registry v1.4.8
   Compiling block-buffer v0.10.4
   Compiling crypto-common v0.1.7
   Compiling password-hash v0.5.0
   Compiling num_cpus v1.17.0
   Compiling digest v0.10.7
   Compiling getrandom v0.4.1
   Compiling fs2 v0.4.3
   Compiling criterion-plot v0.5.0
   Compiling rayon v1.11.0
   Compiling plotters v0.3.7
   Compiling http-body v1.0.1
   Compiling argon2 v0.5.3
   Compiling quanta v0.12.6
   Compiling is-terminal v0.4.17
   Compiling blake2 v0.10.6
   Compiling sha2 v0.10.9
   Compiling http-body-util v0.1.3
   Compiling tempfile v3.25.0
   Compiling serde_json v1.0.149
   Compiling matchers v0.2.0
   Compiling zerocopy-derive v0.8.39
   Compiling serde_derive v1.0.228
   Compiling tracing-attributes v0.1.31
   Compiling tokio-macros v2.6.0
   Compiling thiserror-impl v2.0.18
   Compiling thiserror-impl v1.0.69
   Compiling clap_derive v4.5.55
   Compiling regex v1.12.3
   Compiling tokio v1.49.0
   Compiling thiserror v1.0.69
   Compiling tracing v0.1.44
   Compiling thiserror v2.0.18
   Compiling ratatosk-core v0.1.0 (/home/ochi/Documents/Project/Ratatosk/crates/ratatosk-core)
   Compiling ratatosk-resp v0.1.0 (/home/ochi/Documents/Project/Ratatosk/crates/ratatosk-resp)
   Compiling clap v4.5.57
   Compiling serde_spanned v0.6.9
   Compiling toml_datetime v0.6.11
   Compiling tracing-serde v0.2.0
   Compiling tinytemplate v1.2.1
   Compiling tracing-subscriber v0.3.22
   Compiling toml_edit v0.22.27
   Compiling ahash v0.8.12
   Compiling ppv-lite86 v0.2.21
   Compiling half v2.7.1
   Compiling metrics v0.23.1
   Compiling hashbrown v0.14.5
   Compiling ciborium-ll v0.2.2
   Compiling rand_chacha v0.3.1
   Compiling toml v0.8.23
   Compiling ciborium v0.2.2
   Compiling rand v0.8.5
   Compiling tokio-util v0.7.18
   Compiling metrics-util v0.17.0
   Compiling criterion v0.5.1
   Compiling h2 v0.4.13
   Compiling ratatosk-persist v0.1.0 (/home/ochi/Documents/Project/Ratatosk/crates/ratatosk-persist)
   Compiling hyper v1.8.1
   Compiling hyper-util v0.1.20
   Compiling metrics-exporter-prometheus v0.15.3
    Finished `bench` profile [optimized] target(s) in 36.07s
     Running unittests src/lib.rs (target/release/deps/ratatosk_server-b63988e8017eca0f)

running 20 tests
test breadcrumbs::tests::breadcrumbs_are_bounded ... ignored
test breadcrumbs::tests::breadcrumbs_snapshot_returns_recent_entries ... ignored
test client::tests::client_read_timeout_disconnects_idle_client ... ignored
test client::tests::inline_ping_and_echo ... ignored
test client::tests::m1_set_get_exists_del_select ... ignored
test client::tests::oversized_response_disconnects_client ... ignored
test client::tests::pipelined_commands_return_batched_replies ... ignored
test client::tests::pubsub_cross_client_fanout ... ignored
test client::tests::write_commands_append_to_aof ... ignored
test config::tests::default_listen_addr ... ignored
test config::tests::default_persistence_config ... ignored
test config::tests::loopback_bind_detection ... ignored
test event_loop::tests::drain_client_tasks_aborts_stuck_tasks_after_grace ... ignored
test event_loop::tests::drain_client_tasks_completes_ready_tasks ... ignored
test persistence::tests::rewrite_aof_via_worker_keeps_writer_usable ... ignored
test persistence::tests::startup_load_replays_rdb_then_aof ... ignored
test rate_limiter::tests::rate_limiter_allows_within_limit ... ignored
test rate_limiter::tests::rate_limiter_blocks_over_limit ... ignored
test rate_limiter::tests::rate_limiter_tracks_different_ips_separately ... ignored
test tests::test_version_format ... ignored

test result: ok. 0 passed; 0 failed; 20 ignored; 0 measured; 0 filtered out; finished in 0.00s

     Running unittests src/main.rs (target/release/deps/ratatosk-85b46cf344354134)

running 0 tests

test result: ok. 0 passed; 0 failed; 0 ignored; 0 measured; 0 filtered out; finished in 0.00s

     Running benches/comprehensive.rs (target/release/deps/comprehensive-cf9fdc69a3277b06)
Gnuplot not found, using plotters backend
Benchmarking engine_comprehensive_connection_server/ping
Benchmarking engine_comprehensive_connection_server/ping: Warming up for 800.00 ms
Benchmarking engine_comprehensive_connection_server/ping: Collecting 20 samples in estimated 2.0008 s (384k iterations)
Benchmarking engine_comprehensive_connection_server/ping: Analyzing
engine_comprehensive_connection_server/ping
                        time:   [830.06 ns 988.75 ns 1.0917 µs]
Benchmarking engine_comprehensive_connection_server/time
Benchmarking engine_comprehensive_connection_server/time: Warming up for 800.00 ms
Benchmarking engine_comprehensive_connection_server/time: Collecting 20 samples in estimated 2.0009 s (382k iterations)
Benchmarking engine_comprehensive_connection_server/time: Analyzing
engine_comprehensive_connection_server/time
                        time:   [838.39 ns 993.02 ns 1.0981 µs]
Benchmarking engine_comprehensive_connection_server/info_server
Benchmarking engine_comprehensive_connection_server/info_server: Warming up for 800.00 ms
Benchmarking engine_comprehensive_connection_server/info_server: Collecting 20 samples in estimated 2.0011 s (380k iterations)
Benchmarking engine_comprehensive_connection_server/info_server: Analyzing
engine_comprehensive_connection_server/info_server
                        time:   [1.0024 µs 1.1620 µs 1.2730 µs]
Benchmarking engine_comprehensive_connection_server/dbsize
Benchmarking engine_comprehensive_connection_server/dbsize: Warming up for 800.00 ms
Benchmarking engine_comprehensive_connection_server/dbsize: Collecting 20 samples in estimated 2.0017 s (235k iterations)
Benchmarking engine_comprehensive_connection_server/dbsize: Analyzing
engine_comprehensive_connection_server/dbsize
                        time:   [7.4293 µs 7.5611 µs 7.6588 µs]

Benchmarking engine_comprehensive_string_hash/string_get/8192
Benchmarking engine_comprehensive_string_hash/string_get/8192: Warming up for 800.00 ms
Benchmarking engine_comprehensive_string_hash/string_get/8192: Collecting 20 samples in estimated 2.0009 s (395k iterations)
Benchmarking engine_comprehensive_string_hash/string_get/8192: Analyzing
engine_comprehensive_string_hash/string_get/8192
                        time:   [877.10 ns 1.0628 µs 1.1839 µs]
                        thrpt:  [6.9195 Gelem/s 7.7078 Gelem/s 9.3398 Gelem/s]
Benchmarking engine_comprehensive_string_hash/string_set_overwrite
Benchmarking engine_comprehensive_string_hash/string_set_overwrite: Warming up for 800.00 ms
Benchmarking engine_comprehensive_string_hash/string_set_overwrite: Collecting 20 samples in estimated 2.0001 s (385k iterations)
Benchmarking engine_comprehensive_string_hash/string_set_overwrite: Analyzing
engine_comprehensive_string_hash/string_set_overwrite
                        time:   [951.81 ns 1.1174 µs 1.2282 µs]
                        thrpt:  [6.6699 Gelem/s 7.3312 Gelem/s 8.6068 Gelem/s]
Benchmarking engine_comprehensive_string_hash/string_mget_16
Benchmarking engine_comprehensive_string_hash/string_mget_16: Warming up for 800.00 ms
Benchmarking engine_comprehensive_string_hash/string_mget_16: Collecting 20 samples in estimated 2.0004 s (555k iterations)
Benchmarking engine_comprehensive_string_hash/string_mget_16: Analyzing
engine_comprehensive_string_hash/string_mget_16
                        time:   [1.9512 µs 2.0510 µs 2.1214 µs]
                        thrpt:  [3.8617 Gelem/s 3.9941 Gelem/s 4.1983 Gelem/s]
Benchmarking engine_comprehensive_string_hash/hash_hget/4096
Benchmarking engine_comprehensive_string_hash/hash_hget/4096: Warming up for 800.00 ms
Benchmarking engine_comprehensive_string_hash/hash_hget/4096: Collecting 20 samples in estimated 2.0008 s (393k iterations)
Benchmarking engine_comprehensive_string_hash/hash_hget/4096: Analyzing
engine_comprehensive_string_hash/hash_hget/4096
                        time:   [882.00 ns 1.0386 µs 1.1417 µs]
                        thrpt:  [3.5875 Gelem/s 3.9437 Gelem/s 4.6440 Gelem/s]
Benchmarking engine_comprehensive_string_hash/hash_hmget_16
Benchmarking engine_comprehensive_string_hash/hash_hmget_16: Warming up for 800.00 ms
Benchmarking engine_comprehensive_string_hash/hash_hmget_16: Collecting 20 samples in estimated 2.0007 s (560k iterations)
Benchmarking engine_comprehensive_string_hash/hash_hmget_16: Analyzing
engine_comprehensive_string_hash/hash_hmget_16
                        time:   [1.6978 µs 1.8007 µs 1.8628 µs]
                        thrpt:  [2.1988 Gelem/s 2.2747 Gelem/s 2.4126 Gelem/s]
Benchmarking engine_comprehensive_string_hash/hash_hgetall_512
Benchmarking engine_comprehensive_string_hash/hash_hgetall_512: Warming up for 800.00 ms
Benchmarking engine_comprehensive_string_hash/hash_hgetall_512: Collecting 20 samples in estimated 2.0023 s (109k iterations)
Benchmarking engine_comprehensive_string_hash/hash_hgetall_512: Analyzing
engine_comprehensive_string_hash/hash_hgetall_512
                        time:   [17.644 µs 17.755 µs 17.871 µs]
                        thrpt:  [229.20 Melem/s 230.69 Melem/s 232.14 Melem/s]
Found 1 outliers among 20 measurements (5.00%)
  1 (5.00%) high mild

Benchmarking engine_comprehensive_list_zset/list_lrange_100/8192
Benchmarking engine_comprehensive_list_zset/list_lrange_100/8192: Warming up for 800.00 ms
Benchmarking engine_comprehensive_list_zset/list_lrange_100/8192: Collecting 20 samples in estimated 2.0001 s (492k iterations)
Benchmarking engine_comprehensive_list_zset/list_lrange_100/8192: Analyzing
engine_comprehensive_list_zset/list_lrange_100/8192
                        time:   [2.3333 µs 2.4657 µs 2.5441 µs]
                        thrpt:  [3.2199 Gelem/s 3.3224 Gelem/s 3.5110 Gelem/s]
Benchmarking engine_comprehensive_list_zset/list_lindex_middle
Benchmarking engine_comprehensive_list_zset/list_lindex_middle: Warming up for 800.00 ms
Benchmarking engine_comprehensive_list_zset/list_lindex_middle: Collecting 20 samples in estimated 2.0006 s (397k iterations)
Benchmarking engine_comprehensive_list_zset/list_lindex_middle: Analyzing
engine_comprehensive_list_zset/list_lindex_middle
                        time:   [850.53 ns 1.0199 µs 1.1294 µs]
                        thrpt:  [7.2537 Gelem/s 8.0322 Gelem/s 9.6316 Gelem/s]
Benchmarking engine_comprehensive_list_zset/zset_zrange_100/8192
Benchmarking engine_comprehensive_list_zset/zset_zrange_100/8192: Warming up for 800.00 ms
Benchmarking engine_comprehensive_list_zset/zset_zrange_100/8192: Collecting 20 samples in estimated 2.0001 s (313k iterations)
Benchmarking engine_comprehensive_list_zset/zset_zrange_100/8192: Analyzing
engine_comprehensive_list_zset/zset_zrange_100/8192
                        time:   [4.3556 µs 4.4594 µs 4.5825 µs]
                        thrpt:  [1.7877 Gelem/s 1.8370 Gelem/s 1.8808 Gelem/s]
Found 1 outliers among 20 measurements (5.00%)
  1 (5.00%) high mild
Benchmarking engine_comprehensive_list_zset/zset_zscore_middle
Benchmarking engine_comprehensive_list_zset/zset_zscore_middle: Warming up for 800.00 ms
Benchmarking engine_comprehensive_list_zset/zset_zscore_middle: Collecting 20 samples in estimated 2.0000 s (386k iterations)
Benchmarking engine_comprehensive_list_zset/zset_zscore_middle: Analyzing
engine_comprehensive_list_zset/zset_zscore_middle
                        time:   [912.91 ns 1.0718 µs 1.1767 µs]
                        thrpt:  [6.9620 Gelem/s 7.6435 Gelem/s 8.9735 Gelem/s]

Benchmarking engine_comprehensive_key_scan_pubsub/scan_match_count100/20000
Benchmarking engine_comprehensive_key_scan_pubsub/scan_match_count100/20000: Warming up for 800.00 ms
Benchmarking engine_comprehensive_key_scan_pubsub/scan_match_count100/20000: Collecting 20 samples in estimated 2.1485 s (1470 iterations)
Benchmarking engine_comprehensive_key_scan_pubsub/scan_match_count100/20000: Analyzing
engine_comprehensive_key_scan_pubsub/scan_match_count100/20000
                        time:   [1.4368 ms 1.4449 ms 1.4553 ms]
                        thrpt:  [13.743 Melem/s 13.842 Melem/s 13.920 Melem/s]
Found 2 outliers among 20 measurements (10.00%)
  1 (5.00%) low mild
  1 (5.00%) high mild
Benchmarking engine_comprehensive_key_scan_pubsub/exists_32
Benchmarking engine_comprehensive_key_scan_pubsub/exists_32: Warming up for 800.00 ms
Benchmarking engine_comprehensive_key_scan_pubsub/exists_32: Collecting 20 samples in estimated 2.0001 s (501k iterations)
Benchmarking engine_comprehensive_key_scan_pubsub/exists_32: Analyzing
engine_comprehensive_key_scan_pubsub/exists_32
                        time:   [2.3048 µs 2.4157 µs 2.4807 µs]
                        thrpt:  [8.0623 Gelem/s 8.2790 Gelem/s 8.6776 Gelem/s]
Benchmarking engine_comprehensive_key_scan_pubsub/publish_1sub
Benchmarking engine_comprehensive_key_scan_pubsub/publish_1sub: Warming up for 800.00 ms
Benchmarking engine_comprehensive_key_scan_pubsub/publish_1sub: Collecting 20 samples in estimated 2.0011 s (385k iterations)
Benchmarking engine_comprehensive_key_scan_pubsub/publish_1sub: Analyzing
engine_comprehensive_key_scan_pubsub/publish_1sub
                        time:   [908.96 ns 1.0736 µs 1.1841 µs]
                        thrpt:  [16.890 Gelem/s 18.629 Gelem/s 22.003 Gelem/s]
Benchmarking engine_comprehensive_key_scan_pubsub/pubsub_numsub_16
Benchmarking engine_comprehensive_key_scan_pubsub/pubsub_numsub_16: Warming up for 800.00 ms
Benchmarking engine_comprehensive_key_scan_pubsub/pubsub_numsub_16: Collecting 20 samples in estimated 2.0007 s (579k iterations)
Benchmarking engine_comprehensive_key_scan_pubsub/pubsub_numsub_16: Analyzing
engine_comprehensive_key_scan_pubsub/pubsub_numsub_16
                        time:   [1.8551 µs 1.9468 µs 2.0006 µs]
                        thrpt:  [9.9971 Gelem/s 10.273 Gelem/s 10.781 Gelem/s]

     Running benches/hotpaths.rs (target/release/deps/hotpaths-f6e3c1fe31f1ff76)
Gnuplot not found, using plotters backend
Benchmarking engine_set_hotpaths_execute/sinter/1024
Benchmarking engine_set_hotpaths_execute/sinter/1024: Warming up for 1.0000 s
Benchmarking engine_set_hotpaths_execute/sinter/1024: Collecting 30 samples in estimated 3.1182 s (6045 iterations)
Benchmarking engine_set_hotpaths_execute/sinter/1024: Analyzing
engine_set_hotpaths_execute/sinter/1024
                        time:   [91.677 µs 102.16 µs 111.75 µs]
                        thrpt:  [9.1632 Melem/s 10.024 Melem/s 11.170 Melem/s]
Found 5 outliers among 30 measurements (16.67%)
  2 (6.67%) high mild
  3 (10.00%) high severe
Benchmarking engine_set_hotpaths_execute/sinterstore/1024
Benchmarking engine_set_hotpaths_execute/sinterstore/1024: Warming up for 1.0000 s
Benchmarking engine_set_hotpaths_execute/sinterstore/1024: Collecting 30 samples in estimated 3.0432 s (5115 iterations)
Benchmarking engine_set_hotpaths_execute/sinterstore/1024: Analyzing
engine_set_hotpaths_execute/sinterstore/1024
                        time:   [143.45 µs 150.44 µs 156.83 µs]
                        thrpt:  [6.5293 Melem/s 6.8067 Melem/s 7.1383 Melem/s]
Found 1 outliers among 30 measurements (3.33%)
  1 (3.33%) high mild
Benchmarking engine_set_hotpaths_execute/srandmember_neg/1024
Benchmarking engine_set_hotpaths_execute/srandmember_neg/1024: Warming up for 1.0000 s
Benchmarking engine_set_hotpaths_execute/srandmember_neg/1024: Collecting 30 samples in estimated 3.1872 s (6510 iterations)
Benchmarking engine_set_hotpaths_execute/srandmember_neg/1024: Analyzing
engine_set_hotpaths_execute/srandmember_neg/1024
                        time:   [121.38 µs 131.82 µs 139.28 µs]
                        thrpt:  [7.3521 Melem/s 7.7680 Melem/s 8.4363 Melem/s]
Benchmarking engine_set_hotpaths_execute/sinter/4096
Benchmarking engine_set_hotpaths_execute/sinter/4096: Warming up for 1.0000 s
Benchmarking engine_set_hotpaths_execute/sinter/4096: Collecting 30 samples in estimated 3.2734 s (1395 iterations)
Benchmarking engine_set_hotpaths_execute/sinter/4096: Analyzing
engine_set_hotpaths_execute/sinter/4096
                        time:   [533.14 µs 562.72 µs 595.21 µs]
                        thrpt:  [6.8816 Melem/s 7.2790 Melem/s 7.6827 Melem/s]
Found 1 outliers among 30 measurements (3.33%)
  1 (3.33%) high mild
Benchmarking engine_set_hotpaths_execute/sinterstore/4096
Benchmarking engine_set_hotpaths_execute/sinterstore/4096: Warming up for 1.0000 s
Benchmarking engine_set_hotpaths_execute/sinterstore/4096: Collecting 30 samples in estimated 3.1691 s (1395 iterations)
Benchmarking engine_set_hotpaths_execute/sinterstore/4096: Analyzing
engine_set_hotpaths_execute/sinterstore/4096
                        time:   [606.84 µs 675.80 µs 743.64 µs]
                        thrpt:  [5.5081 Melem/s 6.0610 Melem/s 6.7498 Melem/s]
Found 2 outliers among 30 measurements (6.67%)
  2 (6.67%) high mild
Benchmarking engine_set_hotpaths_execute/srandmember_neg/4096
Benchmarking engine_set_hotpaths_execute/srandmember_neg/4096: Warming up for 1.0000 s
Benchmarking engine_set_hotpaths_execute/srandmember_neg/4096: Collecting 30 samples in estimated 3.0949 s (1395 iterations)
Benchmarking engine_set_hotpaths_execute/srandmember_neg/4096: Analyzing
engine_set_hotpaths_execute/srandmember_neg/4096
                        time:   [582.71 µs 643.43 µs 692.25 µs]
                        thrpt:  [5.9170 Melem/s 6.3659 Melem/s 7.0293 Melem/s]

Benchmarking engine_stream_hotpaths_execute/xreadgroup/2048
Benchmarking engine_stream_hotpaths_execute/xreadgroup/2048: Warming up for 1.0000 s
Benchmarking engine_stream_hotpaths_execute/xreadgroup/2048: Collecting 30 samples in estimated 3.0128 s (33k iterations)
Benchmarking engine_stream_hotpaths_execute/xreadgroup/2048: Analyzing
engine_stream_hotpaths_execute/xreadgroup/2048
                        time:   [53.397 µs 53.935 µs 54.396 µs]
                        thrpt:  [37.650 Melem/s 37.972 Melem/s 38.354 Melem/s]
Benchmarking engine_stream_hotpaths_execute/xclaim_128/2048
Benchmarking engine_stream_hotpaths_execute/xclaim_128/2048: Warming up for 1.0000 s
Benchmarking engine_stream_hotpaths_execute/xclaim_128/2048: Collecting 30 samples in estimated 3.0488 s (20k iterations)
Benchmarking engine_stream_hotpaths_execute/xclaim_128/2048: Analyzing
engine_stream_hotpaths_execute/xclaim_128/2048
                        time:   [86.442 µs 90.699 µs 93.875 µs]
                        thrpt:  [21.816 Melem/s 22.580 Melem/s 23.692 Melem/s]
Benchmarking engine_stream_hotpaths_execute/xautoclaim_128/2048
Benchmarking engine_stream_hotpaths_execute/xautoclaim_128/2048: Warming up for 1.0000 s
Benchmarking engine_stream_hotpaths_execute/xautoclaim_128/2048: Collecting 30 samples in estimated 3.0766 s (17k iterations)
Benchmarking engine_stream_hotpaths_execute/xautoclaim_128/2048: Analyzing
engine_stream_hotpaths_execute/xautoclaim_128/2048
                        time:   [90.552 µs 92.379 µs 93.769 µs]
                        thrpt:  [21.841 Melem/s 22.169 Melem/s 22.617 Melem/s]
Found 1 outliers among 30 measurements (3.33%)
  1 (3.33%) high mild
Benchmarking engine_stream_hotpaths_execute/xreadgroup/8192
Benchmarking engine_stream_hotpaths_execute/xreadgroup/8192: Warming up for 1.0000 s
Benchmarking engine_stream_hotpaths_execute/xreadgroup/8192: Collecting 30 samples in estimated 3.1043 s (10k iterations)
Benchmarking engine_stream_hotpaths_execute/xreadgroup/8192: Analyzing
engine_stream_hotpaths_execute/xreadgroup/8192
                        time:   [140.22 µs 142.43 µs 144.90 µs]
                        thrpt:  [56.536 Melem/s 57.514 Melem/s 58.422 Melem/s]
Found 1 outliers among 30 measurements (3.33%)
  1 (3.33%) high severe
Benchmarking engine_stream_hotpaths_execute/xclaim_128/8192
Benchmarking engine_stream_hotpaths_execute/xclaim_128/8192: Warming up for 1.0000 s
Benchmarking engine_stream_hotpaths_execute/xclaim_128/8192: Collecting 30 samples in estimated 3.1064 s (8835 iterations)
Benchmarking engine_stream_hotpaths_execute/xclaim_128/8192: Analyzing
engine_stream_hotpaths_execute/xclaim_128/8192
                        time:   [172.81 µs 179.90 µs 184.87 µs]
                        thrpt:  [44.313 Melem/s 45.537 Melem/s 47.404 Melem/s]
Benchmarking engine_stream_hotpaths_execute/xautoclaim_128/8192
Benchmarking engine_stream_hotpaths_execute/xautoclaim_128/8192: Warming up for 1.0000 s
Benchmarking engine_stream_hotpaths_execute/xautoclaim_128/8192: Collecting 30 samples in estimated 3.1550 s (8370 iterations)
Benchmarking engine_stream_hotpaths_execute/xautoclaim_128/8192: Analyzing
engine_stream_hotpaths_execute/xautoclaim_128/8192
                        time:   [175.69 µs 178.42 µs 180.64 µs]
                        thrpt:  [45.350 Melem/s 45.915 Melem/s 46.627 Melem/s]
Found 1 outliers among 30 measurements (3.33%)
  1 (3.33%) high severe

     Running benches/pipeline.rs (target/release/deps/pipeline-38ec57b04c826300)
Gnuplot not found, using plotters backend
Benchmarking pipeline_set_parse_execute_encode/1
Benchmarking pipeline_set_parse_execute_encode/1: Warming up for 3.0000 s
Benchmarking pipeline_set_parse_execute_encode/1: Collecting 100 samples in estimated 5.0037 s (2.9M iterations)
Benchmarking pipeline_set_parse_execute_encode/1: Analyzing
pipeline_set_parse_execute_encode/1
                        time:   [594.86 ns 601.00 ns 607.82 ns]
                        thrpt:  [1.6452 Melem/s 1.6639 Melem/s 1.6811 Melem/s]
Found 15 outliers among 100 measurements (15.00%)
  3 (3.00%) high mild
  12 (12.00%) high severe
Benchmarking pipeline_set_parse_execute_encode/32
Benchmarking pipeline_set_parse_execute_encode/32: Warming up for 3.0000 s
Benchmarking pipeline_set_parse_execute_encode/32: Collecting 100 samples in estimated 5.0264 s (288k iterations)
Benchmarking pipeline_set_parse_execute_encode/32: Analyzing
pipeline_set_parse_execute_encode/32
                        time:   [15.512 µs 15.650 µs 15.799 µs]
                        thrpt:  [2.0254 Melem/s 2.0447 Melem/s 2.0629 Melem/s]
Found 11 outliers among 100 measurements (11.00%)
  11 (11.00%) high mild
Benchmarking pipeline_set_parse_execute_encode/256
Benchmarking pipeline_set_parse_execute_encode/256: Warming up for 3.0000 s
Benchmarking pipeline_set_parse_execute_encode/256: Collecting 100 samples in estimated 5.4046 s (40k iterations)
Benchmarking pipeline_set_parse_execute_encode/256: Analyzing
pipeline_set_parse_execute_encode/256
                        time:   [128.81 µs 129.92 µs 131.29 µs]
                        thrpt:  [1.9498 Melem/s 1.9704 Melem/s 1.9875 Melem/s]
Found 23 outliers among 100 measurements (23.00%)
  5 (5.00%) low mild
  5 (5.00%) high mild
  13 (13.00%) high severe
Benchmarking pipeline_set_parse_execute_encode/1024
Benchmarking pipeline_set_parse_execute_encode/1024: Warming up for 3.0000 s
Benchmarking pipeline_set_parse_execute_encode/1024: Collecting 100 samples in estimated 5.4838 s (10k iterations)
Benchmarking pipeline_set_parse_execute_encode/1024: Analyzing
pipeline_set_parse_execute_encode/1024
                        time:   [531.79 µs 539.34 µs 547.63 µs]
                        thrpt:  [1.8699 Melem/s 1.8986 Melem/s 1.9256 Melem/s]
Found 19 outliers among 100 measurements (19.00%)
  5 (5.00%) high mild
  14 (14.00%) high severe

Benchmarking pipeline_ping_parse_execute_encode/1
Benchmarking pipeline_ping_parse_execute_encode/1: Warming up for 3.0000 s
Benchmarking pipeline_ping_parse_execute_encode/1: Collecting 100 samples in estimated 5.0067 s (3.0M iterations)
Benchmarking pipeline_ping_parse_execute_encode/1: Analyzing
pipeline_ping_parse_execute_encode/1
                        time:   [420.42 ns 428.18 ns 436.16 ns]
                        thrpt:  [2.2927 Melem/s 2.3355 Melem/s 2.3786 Melem/s]
Found 1 outliers among 100 measurements (1.00%)
  1 (1.00%) high mild
Benchmarking pipeline_ping_parse_execute_encode/32
Benchmarking pipeline_ping_parse_execute_encode/32: Warming up for 3.0000 s
Benchmarking pipeline_ping_parse_execute_encode/32: Collecting 100 samples in estimated 5.0490 s (470k iterations)
Benchmarking pipeline_ping_parse_execute_encode/32: Analyzing
pipeline_ping_parse_execute_encode/32
                        time:   [9.0837 µs 9.1627 µs 9.2535 µs]
                        thrpt:  [3.4582 Melem/s 3.4924 Melem/s 3.5228 Melem/s]
Found 15 outliers among 100 measurements (15.00%)
  1 (1.00%) low mild
  3 (3.00%) high mild
  11 (11.00%) high severe
Benchmarking pipeline_ping_parse_execute_encode/256
Benchmarking pipeline_ping_parse_execute_encode/256: Warming up for 3.0000 s
Benchmarking pipeline_ping_parse_execute_encode/256: Collecting 100 samples in estimated 5.3043 s (66k iterations)
Benchmarking pipeline_ping_parse_execute_encode/256: Analyzing
pipeline_ping_parse_execute_encode/256
                        time:   [79.008 µs 79.925 µs 80.967 µs]
                        thrpt:  [3.1618 Melem/s 3.2030 Melem/s 3.2402 Melem/s]
Found 18 outliers among 100 measurements (18.00%)
  5 (5.00%) high mild
  13 (13.00%) high severe
Benchmarking pipeline_ping_parse_execute_encode/1024
Benchmarking pipeline_ping_parse_execute_encode/1024: Warming up for 3.0000 s
Benchmarking pipeline_ping_parse_execute_encode/1024: Collecting 100 samples in estimated 5.0712 s (15k iterations)
Benchmarking pipeline_ping_parse_execute_encode/1024: Analyzing
pipeline_ping_parse_execute_encode/1024
                        time:   [328.89 µs 332.03 µs 335.58 µs]
                        thrpt:  [3.0514 Melem/s 3.0840 Melem/s 3.1135 Melem/s]
Found 13 outliers among 100 measurements (13.00%)
  2 (2.00%) high mild
  11 (11.00%) high severe

